
[0K
[0K
[0K
[0K[21A[10G[?25h[?25l$ git comm[0K
[0K
[0K
[0K
[0K
[0K
[0K
[0K
[0K
[0K
[0K
[0K
[0K
[0K
[0K
[0K
[0K
[0K
[0K
[0K
[0K
[0K[21A[11G[?25h[?25l$ git commi[0K
[0K
[0K
[0K
[0K
[0K
[0K
[0K
[0K
[0K
[0K
[0K
[0K
[0K
[0K
[0K
[0K
[0K
[0K
[0K
[0K
[0K[21A[12G[?25h[?25l$ git commit[0K
[0K
[0K
[0K
[0K
[0K
[0K
[0K
[0K
[0K
[0K
[0K
[0K
[0K
[0K
[0K
[0K
[0K
[0K
[0K
[0K
[0K[21A[13G[?25h[14G[?25l$ git commit -[0K
[0K
[0K
[0K
[0K
[0K
[0K
[0K
[0K
[0K
[0K
[0K
[0K
[0K
[0K
[0K
[0K
[0K
[0K
[0K
[0K
[0K[21A[15G[?25h[?25l$ git commit -m[0K
[0K
[0K
[0K
[0K
[0K
[0K
[0K
[0K
[0K
[0K
[0K
[0K
[0K
[0K
[0K
[0K
[0K
[0K
[0K
[0K
[0K[21A[16G[?25h[17G[?25l$ git commit -m :[0K
[0K
[0K
[0K
[0K
[0K
[0K
[0K
[0K
[0K
[0K
[0K
[0K
[0K
[0K
[0K
[0K
[0K
[0K
[0K
[0K
[0K[21A[18G[?25h[?25l$ git commit -m[0K
[0K
[0K
[0K
[0K
[0K
[0K
[0K
[0K
[0K
[0K
[0K
[0K
[0K
[0K
[0K
[0K
[0K
[0K
[0K
[0K
[0K[21A[17G[?25h[?25l$ git commit -m "[0K
[0K
[0K
[0K
[0K
[0K
[0K
[0K
[0K
[0K
[0K
[0K
[0K
[0K
[0K
[0K
[0K
[0K
[0K
[0K
[0K
[0K[21A[18G[?25h[?25l$ git commit -m ""[0K
[0K
[0K
[0K
[0K
[0K
[0K
[0K
[0K
[0K
[0K
[0K
[0K
[0K
[0K
[0K
[0K
[0K
[0K
[0K
[0K
[0K[21A[19G[?25h[18G[?25l$ git commit -m "i"[0K
[0K
[0K
[0K
[0K
[0K
[0K
[0K
[0K
[0K
[0K
[0K
[0K
[0K
[0K
[0K
[0K
[0K
[0K
[0K
[0K
[0K[21A[19G[?25h[?25l$ git commit -m "in"[0K
[0K
[0K
[0K
[0K
[0K
[0K
[0K
[0K
[0K
[0K
[0K
[0K
[0K
[0K
[0K
[0K
[0K
[0K
[0K
[0K
[0K[21A[20G[?25h[?25l$ git commit -m "ini"[0K
[0K
[0K
[0K
[0K
[0K
[0K
[0K
[0K
[0K
[0K
[0K
[0K
[0K
[0K
[0K
[0K
[0K
[0K
[0K
[0K
[0K[21A[21G[?25h[?25l$ git commit -m "init"[0K
[0K
[0K
[0K
[0K
[0K
[0K
[0K
[0K
[0K
[0K
[0K
[0K
[0K
[0K
[0K
[0K
[0K
[0K
[0K
[0K
[0K[21A[22G[?25h[?25l$ git commit -m "ini"[0K
[0K
[0K
[0K
[0K
[0K
[0K
[0K
[0K
[0K
[0K
[0K
[0K
[0K
[0K
[0K
[0K
[0K
[0K
[0K
[0K
[0K[21A[22G[?25h[21G[?25l$ git commit -m "in"[0K
[0K
[0K
[0K
[0K
[0K
[0K
[0K
[0K
[0K
[0K
[0K
[0K
[0K
[0K
[0K
[0K
[0K
[0K
[0K
[0K
[0K[21A[20G[?25h[?25l$ git commit -m "i"[0K
[0K
[0K
[0K
[0K
[0K
[0K
[0K
[0K
[0K
[0K
[0K
[0K
[0K
[0K
[0K
[0K
[0K
[0K
[0K
[0K
[0K[21A[19G[?25h[?25l$ git commit -m ""[0K
[0K
[0K
[0K
[0K
[0K
[0K
[0K
[0K
[0K
[0K
[0K
[0K
[0K
[0K
[0K
[0K
[0K
[0K
[0K
[0K
[0K[21A[18G[?25h[?25l$ git commit -m "e"[0K
[0K
[0K
[0K
[0K
[0K
[0K
[0K
[0K
[0K
[0K
[0K
[0K
[0K
[0K
[0K
[0K
[0K
[0K
[0K
[0K
[0K[21A[19G[?25h[?25l$ git commit -m "ep"[0K
[0K
[0K
[0K
[0K
[0K
[0K
[0K
[0K
[0K
[0K
[0K
[0K
[0K
[0K
[0K
[0K
[0K
[0K
[0K
[0K
[0K[21A[20G[?25h[?25l$ git commit -m "eph"[0K
[0K
[0K
[0K
[0K
[0K
[0K
[0K
[0K
[0K
[0K
[0K
[0K
[0K
[0K
[0K
[0K
[0K
[0K
[0K
[0K
[0K[21A[21G[?25h[?25l$ git commit -m "ephe"[0K
[0K
[0K
[0K
[0K
[0K
[0K
[0K
[0K
[0K
[0K
[0K
[0K
[0K
[0K
[0K
[0K
[0K
[0K
[0K
[0K
[0K[21A[22G[?25h[?25l$ git commit -m "ephem"[0K
[0K
[0K
[0K
[0K
[0K
[0K
[0K
[0K
[0K
[0K
[0K
[0K
[0K
[0K
[0K
[0K
[0K
[0K
[0K
[0K
[0K[21A[23G[?25h[?25l$ git commit -m "epheme"[0K
[0K
[0K
[0K
[0K
[0K
[0K
[0K
[0K
[0K
[0K
[0K
[0K
[0K
[0K
[0K
[0K
[0K
[0K
[0K
[0K
[0K[21A[24G[?25h[?25l$ git commit -m "ephemer"[0K
[0K
[0K
[0K
[0K
[0K
[0K
[0K
[0K
[0K
[0K
[0K
[0K
[0K
[0K
[0K
[0K
[0K
[0K
[0K
[0K
[0K[21A[25G[?25h[?25l$ git commit -m "ephemera"[0K
[0K
[0K
[0K
[0K
[0K
[0K
[0K
[0K
[0K
[0K
[0K
[0K
[0K
[0K
[0K
[0K
[0K
[0K
[0K
[0K
[0K[21A[26G[?25h[?25l$ git commit -m "ephemeral"[0K
[0K
[0K
[0K
[0K
[0K
[0K
[0K
[0K
[0K
[0K
[0K
[0K
[0K
[0K
[0K
[0K
[0K
[0K
[0K
[0K
[0K[21A[27G[?25h[?25l$ git commit -m "ephemeral "[0K
[0K
[0K
[0K
[0K
[0K
[0K
[0K
[0K
[0K
[0K
[0K
[0K
[0K
[0K
[0K
[0K
[0K
[0K
[0K
[0K
[0K[21A[28G[?25h[?25l$ git commit -m "ephemeral i"[0K
[0K
[0K
[0K
[0K
[0K
[0K
[0K
[0K
[0K
[0K
[0K
[0K
[0K
[0K
[0K
[0K
[0K
[0K
[0K
[0K
[0K[21A[28G[?25h[29G[?25l$ git commit -m "ephemeral im"[0K
[0K
[0K
[0K
[0K
[0K
[0K
[0K
[0K
[0K
[0K
[0K
[0K
[0K
[0K
[0K
[0K
[0K
[0K
[0K
[0K
[0K[21A[30G[?25h[?25l$ git commit -m "ephemeral imp"[0K
[0K
[0K
[0K
[0K
[0K
[0K
[0K
[0K
[0K
[0K
[0K
[0K
[0K
[0K
[0K
[0K
[0K
[0K
[0K
[0K
[0K[21A[31G[?25h[?25l$ git commit -m "ephemeral impr"[0K
[0K
[0K
[0K
[0K
[0K
[0K
[0K
[0K
[0K
[0K
[0K
[0K
[0K
[0K
[0K
[0K
[0K
[0K
[0K
[0K
[0K[21A[32G[?25h[?25l$ git commit -m "ephemeral impro"[0K
[0K
[0K
[0K
[0K
[0K
[0K
[0K
[0K
[0K
[0K
[0K
[0K
[0K
[0K
[0K
[0K
[0K
[0K
[0K
[0K
[0K[21A[33G[?25h[?25l$ git commit -m "ephemeral improv"[0K
[0K
[0K
[0K
[0K
[0K
[0K
[0K
[0K
[0K
[0K
[0K
[0K
[0K
[0K
[0K
[0K
[0K
[0K
[0K
[0K
[0K[21A[34G[?25h[?25l$ git commit -m "ephemeral improve"[0K
[0K
[0K
[0K
[0K
[0K
[0K
[0K
[0K
[0K
[0K
[0K
[0K
[0K
[0K
[0K
[0K
[0K
[0K
[0K
[0K
[0K[21A[35G[?25h[?25l$ git commit -m "ephemeral improvem"[0K
[0K
[0K
[0K
[0K
[0K
[0K
[0K
[0K
[0K
[0K
[0K
[0K
[0K
[0K
[0K
[0K
[0K
[0K
[0K
[0K
[0K[21A[36G[?25h[?25l$ git commit -m "ephemeral improvemen"[0K
[0K
[0K
[0K
[0K
[0K
[0K
[0K
[0K
[0K
[0K
[0K
[0K
[0K
[0K
[0K
[0K
[0K
[0K
[0K
[0K
[0K[21A[38G[?25h[?25l$ git commit -m "ephemeral improvement"[0K
[0K
[0K
[0K
[0K
[0K
[0K
[0K
[0K
[0K
[0K
[0K
[0K
[0K
[0K
[0K
[0K
[0K
[0K
[0K
[0K
[0K[21A[39G[?25h[?25l$ git commit -m "ephemeral improvements"[0K
[0K
[0K
[0K
[0K
[0K
[0K
[0K
[0K
[0K
[0K
[0K
[0K
[0K
[0K
[0K
[0K
[0K
[0K
[0K
[0K
[0K[21A[40G[?25h[?25l
[?25h[master 8426252] ephemeral improvements[0K[?25l
 14 files changed, 3080 insertions(+), 2726 deletions(-)[0K
 rewrite .Rproj.user/B7385CEA/console06/INDEX001 (72%)[0K
 rewrite _book/advanced.html (89%)[0K
 rewrite _book/dynamic.html (91%)[0K
 rewrite _book/ephemeral.html (92%)[0K
 rewrite _book/hashtags.html (88%)[0K
 rewrite _book/rmd.html (95%)[0K
 rewrite _book/temporal.html (87%)[0K
 rewrite _book/twinetbook_files/figure-html/unnamed-chunk-74-1.png (94%)[0K
 rewrite _bookdown_files/twinetbook_files/figure-html/unnamed-chunk-74-1.png (94%)[0K
[0K
[0K
[0K
[0K
[0K
[0K
[0K
[0K
[0K
[0K[9A[?25h[?25l
[0;32mJCOE@LT1414 [0;35m [0;33m~/Documents/Projects/twinetbook[0;36m (master)[0m[0K
$ git pu[0K
[0K
[0K
[0K
[0K
[0K
[0K
[0K[7A[9G[?25h[?25l$ git pus[0K
[0K
[0K
[0K
[0K
[0K
[0K
[0K[7A[10G[?25h[?25l$ git push[0K
[0K
[0K
[0K
[0K
[0K
[0K
[0K[7A[11G[?25h[?25l
[?25hCounting objects: 24, done.[0K[?25l
[0K
[0K
[0K
[0K
[0K
[0K[5A[?25hDelta compression using up to 4 threads.[0K[?25l
Compressing objects:  19% (4/21)[0K
[0K
[0K
[0K
[0K[4A[?25h[?25lCompressing objects:  23% (5/21)[0K
[0K
[0K
[0K
[0K[4A[?25h[?25lCompressing objects:  28% (6/21)[0K
[0K
[0K
[0K
[0K[4A[?25h[?25lCompressing objects:  33% (7/21)[0K
[0K
[0K
[0K
[0K[4A[?25h[?25lCompressing objects:  38% (8/21)[0K
[0K
[0K
[0K
[0K[4A[?25h[?25lCompressing objects:  42% (9/21)[0K
[0K
[0K
[0K
[0K[4A[?25hCompressing objects: 100% (21/21), done.[0K[?25l
Writing objects:  37% (9/24)[0K
[0K
[0K
[0K[3A[?25h[?25lWriting objects:  41% (10/24)[0K
[0K
[0K
[0K[3A[?25h[?25lWriting objects:  50% (12/24)[0K
[0K
[0K
[0K[3A[?25h[?25lWriting objects:  58% (14/24)[0K
[0K
[0K
[0K[3A[?25h[?25lWriting objects:  70% (17/24)[0K
[0K
[0K
[0K[3A[?25hWriting objects: 100% (24/24), 715.45 KiB | 1.55 MiB/s, done.[0K[?25l
Total 24 (delta 14), reused 0 (delta 0)[0K
[0K
[0K[1A[?25hTo https://bitbucket.org/JohnCoene/twinetbook.git[0K[?25l
   5a04f6f..8426252  master -> master[0K
[0K[?25h[?25l
[0;32mJCOE@LT1414 [0;35m [0;33m~/Documents/Projects/twinetbook[0;36m (master)[0m[0K
$ git push g[0K[?25hi[0Kt[0Kh[0Ku[0Kb[0K[19G[?25l$ git push github m[0K[?25ha[0Ks[0Kt[0Ke[0Kr[0K[?25l
[0K[?25hCounting objects: 24, done.[0K[?25l
Delta compression using up to 4 threads.[0K
Compressing objects:   4% (1/21)[0K[1G[?25h[?25lCompressing objects:  19% (4/21)[0K[1G[?25h[?25lCompressing objects:  23% (5/21)[0K[1G[?25h[?25lCompressing objects:  28% (6/21)[0K[1G[?25h[?25lCompressing objects:  33% (7/21)[0K[1G[?25h[?25lCompressing objects:  38% (8/21)[0K[1G[?25h[?25lCompressing objects:  42% (9/21)[0K[1G[?25hCompressing objects: 100% (21/21), done.[0K[?25l
Writing objects:  37% (9/24)[0K[1G[?25h[?25lWriting objects:  41% (10/24)[0K[1G[?25h[?25lWriting objects:  50% (12/24)[0K[1G[?25h[?25lWriting objects:  58% (14/24)[0K[1G[?25h[?25lWriting objects:  70% (17/24)[0K[1G[?25hWriting objects: 100% (24/24), 715.45 KiB | 1.37 MiB/s, done.[0K[?25l
Total 24 (delta 14), reused 0 (delta 0)[0K
[0K[?25hremote: Resolving deltas: 100% (14/14), completed with 13 local objects.[0K[?25l
To https://github.com/JohnCoene/twinetbook.git[0K
   5a04f6f..8426252  master -> master[0K
[0K[?25h[?25l
[0;32mJCOE@LT1414 [0;35m [0;33m~/Documents/Projects/twinetbook[0;36m (master)[0m[0K
$[0K[3G[?25h[0m[0K]0;[?25l
[0;32mJCOE@LT1414 [0;35m [0;33m~/Documents/Projects/twinetbook[0;36m (master)[0m[0K
[?25l$ g[0K[?25hi[0Kt[0K[7G[?25l$ git p[0K[?25hu[0Kl[0Kl[0K[?25l
[0K[?25hremote: Counting objects: 38, done.[0K[?25l
remote: Compressing objects: 100% (33/33), done.[0K
[0K[?25h[?25lUnpacking objects:   7% (3/38)[0K[1G[?25h[?25lUnpacking objects:  13% (5/38)[0K[1G[?25h[?25lUnpacking objects:  23% (9/38)[0K[1G[?25h[?25lUnpacking objects:  28% (11/38)[0K[1G[?25h[?25lUnpacking objects:  36% (14/38)[0K[1G[?25h[?25lUnpacking objects:  39% (15/38)[0K[1G[?25h[?25lUnpacking objects:  42% (16/38)[0K[1G[?25h[?25lUnpacking objects:  44% (17/38)[0K[1G[?25h[?25lUnpacking objects:  47% (18/38)[0K[1G[?25h[?25lUnpacking objects:  50% (19/38)[0K[1G[?25h[?25lUnpacking objects:  52% (20/38)[0K[1G[?25h[?25lUnpacking objects:  68% (26/38)[0K[1G[?25h[?25lUnpacking objects:  73% (28/38)[0K[1G[?25h[?25lUnpacking objects:  76% (29/38)[0K[1G[?25h[?25lUnpacking objects:  78% (30/38)[0K[1G[?25hUremote: Total 38 (delta 25), reused 0 (delta 0)[0K[?25l
[0K
[0K[?25h[?25lUnpacking objects:  92% (35/38)[0K[1G[?25hUnpacking objects: 100% (38/38), done.[0K[?25l
[0K[?25hFrom https://bitbucket.org/JohnCoene/twinetbook[0K[?25l
   8426252..2db866d  master     -> origin/master[0K
[0K[?25herror: Your local changes to the following files would be overwritten by merg[0Ke[?25l
:[0K
        09-temporal.Rmd[0K
        10-ephemeral.Rmd[0K
Please commit your changes or stash them before you merge.[0K
Aborting[0K
Updating 8426252..2db866d[0K
[0K[?25h[?25l
[0;32mJCOE@LT1414 [0;35m [0;33m~/Documents/Projects/twinetbook[0;36m (master)[0m[0K
$[0K[3G[?25h[?25l$ g[0K[?25hi[0Kt[0K[7G[?25l$ git c[0K[?25ho[0K[?25lm[0K[9G[?25h[10G[?25l$ git comm[0K[?25hi[0Kt[0K[14G[?25l$ git commit -[0K[?25hm[0K[17G[?25l$ git commit -m "[0K[?25h"[0K[18G[?25l$ git commit -m "m"[0K[19G[?25h[?25l$ git commit -m "mu"[0K[20G[?25h[?25l$ git commit -m "mul"[0K[21G[?25h[?25l$ git commit -m "mult"[0K[22G[?25h[?25l$ git commit -m "multi"[0K[23G[?25h[?25l$ git commit -m "multip"[0K[24G[?25h[?25l$ git commit -m "multipl"[0K[25G[?25h[?25l$ git commit -m "multiple"[0K[26G[?25h[?25l$ git commit -m "multiple "[0K[27G[?25h[?25l$ git commit -m "multiple e"[0K[27G[?25h[28G[?25l$ git commit -m "multiple ev"[0K[29G[?25h[?25l$ git commit -m "multiple eve"[0K[30G[?25h[?25l$ git commit -m "multiple even"[0K[31G[?25h[?25l$ git commit -m "multiple event"[0K[32G[?25h[?25l$ git commit -m "multiple events"[0K[33G[?25h[?25l
[0K[?25hOn branch master[0K[?25l
Your branch is behind 'origin/master' by 1 commit, and can be fast-forwarded.[0K
  (use "git pull" to update your local branch)[0K
[0K
Changes not staged for commit:[0K
        [0;31mmodified:   .Rproj.user/B7385CEA/console06/455836BE[0m[0K
        [0;31mmodified:   .Rproj.user/B7385CEA/console06/INDEX001[0m[0K
        [0;31mmodified:   09-temporal.Rmd[0m[0K
        [0;31mmodified:   10-ephemeral.Rmd[0m[0K
[0K
no changes added to commit[0K
[0K[?25h[?25l
[0;32mJCOE@LT1414 [0;35m [0;33m~/Documents/Projects/twinetbook[0;36m (master)[0m[0K
$[0K[3G[?25h[?25l$ git commit -m "multiple events"[0K[?25h[?25l$ git pull[0K[?25h[?25l
[0K[?25herror: Your local changes to the following files would be overwritten by merg[0Ke[?25l
:[0K
        09-temporal.Rmd[0K
        10-ephemeral.Rmd[0K
Please commit your changes or stash them before you merge.[0K
Aborting[0K
Updating 8426252..2db866d[0K
[0K[?25h[?25l
[0;32mJCOE@LT1414 [0;35m [0;33m~/Documents/Projects/twinetbook[0;36m (master)[0m[0K
$[0K[3G[?25h[?25l$ g[0K[?25hi[0Kt[0K[7G[?25l$ git p[0K[?25hu[0Kl[0Kl[0K[?25l
[0K[?25herror: Your local changes to the following files would be overwritten by merg[0Ke[?25l
:[0K
        09-temporal.Rmd[0K
        10-ephemeral.Rmd[0K
Please commit your changes or stash them before you merge.[0K
Aborting[0K
Updating 8426252..2db866d[0K
[0K[?25h[?25l
[0;32mJCOE@LT1414 [0;35m [0;33m~/Documents/Projects/twinetbook[0;36m (master)[0m[0K
$[0K[3G[?25h[?25l$ g[0K[?25hi[0Kt[0K[7G[?25l$ git s[0K[?25ht[0Ka[0Kt[0Ku[0Ks[0K[?25l
[0K[?25hOn branch master[0K[?25l
Your branch is behind 'origin/master' by 1 commit, and can be fast-forwarded.[0K
  (use "git pull" to update your local branch)[0K
[0K
Changes not staged for commit:[0K
  (use "git add <file>..." to update what will be committed)[0K
  (use "git checkout -- <file>..." to discard changes in working directory)[0K
[0K
        [0;31mmodified:   .Rproj.user/B7385CEA/console06/455836BE[0m[0K
        [0;31mmodified:   .Rproj.user/B7385CEA/console06/INDEX001[0m[0K
        [0;31mmodified:   09-temporal.Rmd[0m[0K
        [0;31mmodified:   10-ephemeral.Rmd[0m[0K
[0K
no changes added to commit (use "git add" and/or "git commit -a")[0K
[0K[?25h[?25l
[0;32mJCOE@LT1414 [0;35m [0;33m~/Documents/Projects/twinetbook[0;36m (master)[0m[0K
$[0K[3G[?25h[?25l$ g[0K[?25h[?25li[0K[4G[?25h[5G[?25l$ git[0K[?25h[7G[?25l$ git a[0K[?25hd[0Kd[0K[11G[?25l$ git add -[0K[?25hA[0K[?25l
[0K[?25h[?25l
[0;32mJCOE@LT1414 [0;35m [0;33m~/Documents/Projects/twinetbook[0;36m (master)[0m[0K
$[0K[3G[?25h[?25l$ g[0K[?25hi[0Kt[0K[7G[?25l$ git c[0K[?25ho[0Km[0Km[0Ki[0Kt[0K[14G[?25l$ git commit -[0K[?25hm[0K[17G[?25l$ git commit -m "[0K[?25h"[0K[18G[?25l$ git commit -m "m"[0K[19G[?25h[?25l$ git commit -m "mu"[0K[20G[?25h[?25l$ git commit -m "mul"[0K[21G[?25h[?25l$ git commit -m "mult"[0K[22G[?25h[?25l$ git commit -m "multi"[0K[23G[?25h[?25l$ git commit -m "multip"[0K[24G[?25h[?25l$ git commit -m "multipl"[0K[25G[?25h[?25l$ git commit -m "multiple"[0K[26G[?25h[?25l$ git commit -m "multiple "[0K[27G[?25h[?25l$ git commit -m "multiple e"[0K[28G[?25h[?25l$ git commit -m "multiple ev"[0K[29G[?25h[?25l$ git commit -m "multiple eve"[0K[30G[?25h[?25l$ git commit -m "multiple even"[0K[31G[?25h[?25l$ git commit -m "multiple event"[0K[32G[?25h[?25l$ git commit -m "multiple events"[0K[33G[?25h[?25l
[0K[?25h[master 944967d] multiple events[0K[?25l
 4 files changed, 1087 insertions(+), 1256 deletions(-)[0K
 rewrite .Rproj.user/B7385CEA/console06/455836BE (79%)[0K
 rewrite .Rproj.user/B7385CEA/console06/INDEX001 (72%)[0K
[0K[?25h[?25l
[0;32mJCOE@LT1414 [0;35m [0;33m~/Documents/Projects/twinetbook[0;36m (master)[0m[0K
$[0K[3G[?25h[?25l$ g[0K[?25h[?25li[0K[4G[?25h[5G[?25l$ git[0K[?25h[7G[?25l$ git p[0K[?25hu[0Kl[0Kl[0K[?25l
[0K[?25hRemoving _book/twinetbook_files/figure-html/unnamed-chunk-74-1.png[0K[?25l
Auto-merging 10-ephemeral.Rmd[0K
CONFLICT (content): Merge conflict in 10-ephemeral.Rmd[0K
Auto-merging 09-temporal.Rmd[0K
CONFLICT (content): Merge conflict in 09-temporal.Rmd[0K
Automatic merge failed; fix conflicts and then commit the result.[0K
[0K[?25h[?25l
[0;32mJCOE@LT1414 [0;35m [0;33m~/Documents/Projects/twinetbook[0;36m (master|MERGING)[0m[0K
$[0K[3G[?25h[0m[0K]0;[?25l
[0;32mJCOE@LT1414 [0;35m [0;33m~/Documents/Projects/twinetbook[0;36m (master|MERGING)[0m[0K
$[0K[3G[?25h[?25l[1A[0;32mJCOE@LT1414 [0;35m [0;33m~/Documents/Projects/twinetbook[0;36m (master|MERGING)[0K
[?25l$ g[0K[?25hi[0Kt[0K[7G[?25l$ git a[0K[?25hd[0Kd[0K[11G[?25l$ git add -[0K[?25hA[0K[?25l
[0K[?25h