
[0K
[0K
[0K
[0K
[0K[24A[5G[?25h[?25l$ cle[0K
[0K
[0K
[0K
[0K
[0K
[0K
[0K
[0K
[0K
[0K
[0K
[0K
[0K
[0K
[0K
[0K
[0K
[0K
[0K
[0K
[0K
[0K
[0K
[0K[24A[6G[?25h[?25l$ clea[0K
[0K
[0K
[0K
[0K
[0K
[0K
[0K
[0K
[0K
[0K
[0K
[0K
[0K
[0K
[0K
[0K
[0K
[0K
[0K
[0K
[0K
[0K
[0K
[0K[24A[7G[?25h[?25l$ clear[0K
[0K
[0K
[0K
[0K
[0K
[0K
[0K
[0K
[0K
[0K
[0K
[0K
[0K
[0K
[0K
[0K
[0K
[0K
[0K
[0K
[0K
[0K
[0K
[0K[24A[8G[?25h[?25l
[?25h[?25l























[0K
[0K
[0K
[0K[26A[?25h[?25l
[0;32mJCOE@LT1414 [0;35m [0;33m~/Documents/Projects/twinetbook[0;36m (master)[0m[0K
$ g[0K
[0K
[0K
[0K
[0K
[0K
[0K
[0K
[0K
[0K
[0K
[0K
[0K
[0K
[0K
[0K
[0K
[0K
[0K
[0K
[0K
[0K
[0K
[0K
[0K[24A[4G[?25h[?25l$ gi[0K
[0K
[0K
[0K
[0K
[0K
[0K
[0K
[0K
[0K
[0K
[0K
[0K
[0K
[0K
[0K
[0K
[0K
[0K
[0K
[0K
[0K
[0K
[0K
[0K[24A[5G[?25h[?25l$ git[0K
[0K
[0K
[0K
[0K
[0K
[0K
[0K
[0K
[0K
[0K
[0K
[0K
[0K
[0K
[0K
[0K
[0K
[0K
[0K
[0K
[0K
[0K
[0K
[0K[24A[6G[?25h[7G[?25l$ git a[0K
[0K
[0K
[0K
[0K
[0K
[0K
[0K
[0K
[0K
[0K
[0K
[0K
[0K
[0K
[0K
[0K
[0K
[0K
[0K
[0K
[0K
[0K
[0K
[0K[24A[8G[?25h[?25l$ git ad[0K
[0K
[0K
[0K
[0K
[0K
[0K
[0K
[0K
[0K
[0K
[0K
[0K
[0K
[0K
[0K
[0K
[0K
[0K
[0K
[0K
[0K
[0K
[0K
[0K[24A[9G[?25h[?25l$ git add[0K
[0K
[0K
[0K
[0K
[0K
[0K
[0K
[0K
[0K
[0K
[0K
[0K
[0K
[0K
[0K
[0K
[0K
[0K
[0K
[0K
[0K
[0K
[0K
[0K[24A[10G[?25h[11G[?25l$ git add -[0K
[0K
[0K
[0K
[0K
[0K
[0K
[0K
[0K
[0K
[0K
[0K
[0K
[0K
[0K
[0K
[0K
[0K
[0K
[0K
[0K
[0K
[0K
[0K
[0K[24A[12G[?25h[?25l$ git add -A[0K
[0K
[0K
[0K
[0K
[0K
[0K
[0K
[0K
[0K
[0K
[0K
[0K
[0K
[0K
[0K
[0K
[0K
[0K
[0K
[0K
[0K
[0K
[0K
[0K[24A[13G[?25h[?25l
[?25hwarning: LF will be replaced by CRLF in .Rproj.user/shared/notebooks/paths.[0K[?25l
The file will have its original line endings in your working directory.[0K
[0K
[0K
[0K
[0K
[0K
[0K
[0K
[0K
[0K
[0K
[0K
[0K
[0K
[0K
[0K
[0K
[0K
[0K
[0K
[0K
[0K
[0K[21A[?25h[?25l
[0;32mJCOE@LT1414 [0;35m [0;33m~/Documents/Projects/twinetbook[0;36m (master)[0m[0K
$ git co[0K
[0K
[0K
[0K
[0K
[0K
[0K
[0K
[0K
[0K
[0K
[0K
[0K
[0K
[0K
[0K
[0K
[0K
[0K
[0K[19A[9G[?25h[?25l$ git com[0K
[0K
[0K
[0K
[0K
[0K
[0K
[0K
[0K
[0K
[0K
[0K
[0K
[0K
[0K
[0K
[0K
[0K
[0K
[0K[19A[10G[?25h[?25l$ git comm[0K
[0K
[0K
[0K
[0K
[0K
[0K
[0K
[0K
[0K
[0K
[0K
[0K
[0K
[0K
[0K
[0K
[0K
[0K
[0K[19A[11G[?25h[?25l$ git commi[0K
[0K
[0K
[0K
[0K
[0K
[0K
[0K
[0K
[0K
[0K
[0K
[0K
[0K
[0K
[0K
[0K
[0K
[0K
[0K[19A[12G[?25h[?25l$ git commit[0K
[0K
[0K
[0K
[0K
[0K
[0K
[0K
[0K
[0K
[0K
[0K
[0K
[0K
[0K
[0K
[0K
[0K
[0K
[0K[19A[13G[?25h[14G[?25l$ git commit -[0K
[0K
[0K
[0K
[0K
[0K
[0K
[0K
[0K
[0K
[0K
[0K
[0K
[0K
[0K
[0K
[0K
[0K
[0K
[0K[19A[15G[?25h[?25l$ git commit -m[0K
[0K
[0K
[0K
[0K
[0K
[0K
[0K
[0K
[0K
[0K
[0K
[0K
[0K
[0K
[0K
[0K
[0K
[0K
[0K[19A[16G[?25h[17G[?25l$ git commit -m "[0K
[0K
[0K
[0K
[0K
[0K
[0K
[0K
[0K
[0K
[0K
[0K
[0K
[0K
[0K
[0K
[0K
[0K
[0K
[0K[19A[18G[?25h[?25l$ git commit -m ""[0K
[0K
[0K
[0K
[0K
[0K
[0K
[0K
[0K
[0K
[0K
[0K
[0K
[0K
[0K
[0K
[0K
[0K
[0K
[0K[19A[19G[?25h[18G[?25l$ git commit -m "u"[0K
[0K
[0K
[0K
[0K
[0K
[0K
[0K
[0K
[0K
[0K
[0K
[0K
[0K
[0K
[0K
[0K
[0K
[0K
[0K[19A[19G[?25h[?25l$ git commit -m "up"[0K
[0K
[0K
[0K
[0K
[0K
[0K
[0K
[0K
[0K
[0K
[0K
[0K
[0K
[0K
[0K
[0K
[0K
[0K
[0K[19A[20G[?25h[?25l$ git commit -m "upd"[0K
[0K
[0K
[0K
[0K
[0K
[0K
[0K
[0K
[0K
[0K
[0K
[0K
[0K
[0K
[0K
[0K
[0K
[0K
[0K[19A[21G[?25h[?25l$ git commit -m "upda"[0K
[0K
[0K
[0K
[0K
[0K
[0K
[0K
[0K
[0K
[0K
[0K
[0K
[0K
[0K
[0K
[0K
[0K
[0K
[0K[19A[22G[?25h[?25l$ git commit -m "updat"[0K
[0K
[0K
[0K
[0K
[0K
[0K
[0K
[0K
[0K
[0K
[0K
[0K
[0K
[0K
[0K
[0K
[0K
[0K
[0K[19A[23G[?25h[?25l$ git commit -m "update"[0K
[0K
[0K
[0K
[0K
[0K
[0K
[0K
[0K
[0K
[0K
[0K
[0K
[0K
[0K
[0K
[0K
[0K
[0K
[0K[19A[24G[?25h[?25l$ git commit -m "updates"[0K
[0K
[0K
[0K
[0K
[0K
[0K
[0K
[0K
[0K
[0K
[0K
[0K
[0K
[0K
[0K
[0K
[0K
[0K
[0K[19A[24G[?25h[25G[?25l
[?25hfatal: Unable to create 'C:/Users/JCOE/Documents/Projects/twinetbook/.git/index.lock': File exists.[0K[?25l
[0K
Another git process seems to be running in this repository, e.g.[0K
an editor opened by 'git commit'. Please make sure all processes[0K
are terminated then try again. If it still fails, a git process[0K
may have crashed in this repository earlier:[0K
remove the file manually to continue.[0K
[0K
[0K
[0K
[0K
[0K
[0K
[0K
[0K
[0K
[0K
[0K
[0K[11A[?25h[?25l
[0;32mJCOE@LT1414 [0;35m [0;33m~/Documents/Projects/twinetbook[0;36m (master)[0m[0K
$ g[0K
[0K
[0K
[0K
[0K
[0K
[0K
[0K
[0K
[0K[9A[4G[?25h[?25l$ gi[0K
[0K
[0K
[0K
[0K
[0K
[0K
[0K
[0K
[0K[9A[5G[?25h[?25l$ git[0K
[0K
[0K
[0K
[0K
[0K
[0K
[0K
[0K
[0K[9A[6G[?25h[7G[?25l$ git p[0K
[0K
[0K
[0K
[0K
[0K
[0K
[0K
[0K
[0K[9A[8G[?25h[?25l$ git pu[0K
[0K
[0K
[0K
[0K
[0K
[0K
[0K
[0K
[0K[9A[9G[?25h[?25l$ git pus[0K
[0K
[0K
[0K
[0K
[0K
[0K
[0K
[0K
[0K[9A[10G[?25h[?25l$ git push[0K
[0K
[0K
[0K
[0K
[0K
[0K
[0K
[0K
[0K[9A[11G[?25h[?25l
[?25hCounting objects: 60, done.[0K[?25l
[0K
[0K
[0K
[0K
[0K
[0K
[0K
[0K[7A[?25hDelta compression using up to 4 threads.[0K[?25l
Compressing objects:  16% (9/55)[0K
[0K
[0K
[0K
[0K
[0K
[0K[6A[?25h[?25lCompressing objects:  54% (30/55)[0K
[0K
[0K
[0K
[0K
[0K
[0K[6A[?25h[?25lCompressing objects:  58% (32/55)[0K
[0K
[0K
[0K
[0K
[0K
[0K[6A[?25h[?25lCompressing objects:  65% (36/55)[0K
[0K
[0K
[0K
[0K
[0K
[0K[6A[?25h[?25lCompressing objects:  74% (41/55)[0K
[0K
[0K
[0K
[0K
[0K
[0K[6A[?25h[?25lCompressing objects:  78% (43/55)[0K
[0K
[0K
[0K
[0K
[0K
[0K[6A[?25h[?25lCompressing objects:  80% (44/55)[0K
[0K
[0K
[0K
[0K
[0K
[0K[6A[?25h[?25lCompressing objects:  83% (46/55)[0K
[0K
[0K
[0K
[0K
[0K
[0K[6A[?25h[?25lCompressing objects:  85% (47/55)[0K
[0K
[0K
[0K
[0K
[0K
[0K[6A[?25h[?25lCompressing objects:  87% (48/55)[0K
[0K
[0K
[0K
[0K
[0K
[0K[6A[?25h[?25lCompressing objects:  89% (49/55)[0K
[0K
[0K
[0K
[0K
[0K
[0K[6A[?25h[?25lCompressing objects:  90% (50/55)[0K
[0K
[0K
[0K
[0K
[0K
[0K[6A[?25h[?25lCompressing objects:  92% (51/55)[0K
[0K
[0K
[0K
[0K
[0K
[0K[6A[?25h[?25lCompressing objects:  94% (52/55)[0K
[0K
[0K
[0K
[0K
[0K
[0K[6A[?25h[?25lCompressing objects:  98% (54/55)[0K
[0K
[0K
[0K
[0K
[0K
[0K[6A[?25h[?25lCompressing objects: 100% (55/55)[0K
[0K
[0K
[0K
[0K
[0K
[0K[6A[?25hCompressing objects: 100% (55/55), done.[0K[?25l
Writing objects:  21% (13/60)[0K
[0K
[0K
[0K
[0K
[0K[5A[?25h[?25lWriting objects:  25% (15/60)[0K
[0K
[0K
[0K
[0K
[0K[5A[?25h[?25lWriting objects:  28% (17/60)[0K
[0K
[0K
[0K
[0K
[0K[5A[?25h[?25lWriting objects:  30% (18/60)[0K
[0K
[0K
[0K
[0K
[0K[5A[?25h[?25lWriting objects:  30% (18/60), 984.00 KiB | 160.00 KiB/s[0K
[0K
[0K
[0K
[0K
[0K[5A[?25h[?25lWriting objects:  35% (21/60), 984.00 KiB | 160.00 KiB/s[0K
[0K
[0K
[0K
[0K
[0K[5A[?25h[?25lWriting objects:  43% (26/60), 984.00 KiB | 160.00 KiB/s[0K
[0K
[0K
[0K
[0K
[0K[5A[?25h[?25lWriting objects:  51% (31/60), 984.00 KiB | 160.00 KiB/s[0K
[0K
[0K
[0K
[0K
[0K[5A[?25h[?25lWriting objects:  56% (34/60), 1.76 MiB | 271.00 KiB/s[0K
[0K
[0K
[0K
[0K
[0K[5A[?25h[?25lWriting objects:  85% (51/60), 1.76 MiB | 271.00 KiB/s[0K
[0K
[0K
[0K
[0K
[0K[5A[?25h[?25lWriting objects:  90% (54/60), 1.76 MiB | 271.00 KiB/s[0K
[0K
[0K
[0K
[0K
[0K[5A[?25h[?25lWriting objects:  98% (59/60), 2.73 MiB | 392.00 KiB/s[0K
[0K
[0K
[0K
[0K
[0K[5A[?25hWriting objects: 100% (60/60), 2.90 MiB | 413.00 KiB/s, done.[0K[?25l
Total 60 (delta 40), reused 0 (delta 0)[0K
[0K
[0K
[0K
[0K[3A[?25h[?25l
[0;32mJCOE@LT1414 [0;35m [0;33m~/Documents/Projects/twinetbook[0;36m (master)[0m[0K
$[0K
[0K[?25h[?25l
[0;32mJCOE@LT1414 [0;35m [0;33m~/Documents/Projects/twinetbook[0;36m (master)[0m[0K
$[0K
[0K[?25h[?25l
[0;32mJCOE@LT1414 [0;35m [0;33m~/Documents/Projects/twinetbook[0;36m (master)[0m[0K
$[0K[3G[?25h[?25l$ git push[0K[?25h[?25l
[0K[?25hEverything up-to-date[0K[?25l
[0K[?25h[?25l
[0;32mJCOE@LT1414 [0;35m [0;33m~/Documents/Projects/twinetbook[0;36m (master)[0m[0K
$[0K[3G[?25h[?25l$ g[0K[3G[?25h[4G[?25l$ gi[0K[?25ht[0K[7G[?25l$ git p[0K[?25hu[0Ks[0Kh[0K[12G[?25l$ git push g[0K[?25hi[0Kt[0Kh[0Ku[0Kb[0K[19G[?25l$ git push github m[0K[?25h[?25la[0K[20G[?25h[21G[?25l$ git push github mas[0K[?25ht[0K[?25le[0K[23G[?25h[24G[?25l$ git push github master[0K[24G[?25h[25G[?25l
[0K[?25hEverything up-to-date[0K[?25l
[0K[?25h[?25l
[0;32mJCOE@LT1414 [0;35m [0;33m~/Documents/Projects/twinetbook[0;36m (master)[0m[0K
$[0K[3G[?25h[?25l$ g[0K[?25hi[0Kt[0K[7G[?25l$ git p[0K[?25h[?25lu[0K[8G[?25h[9G[?25l$ git pus[0K[?25hh[0K[12G[?25l$ git push b[0K[?25h[?25l$ git push[0K[12G[?25h[?25l$ git push o[0K[?25hr[0Ki[0Kg[0Ki[0Kn[0K[19G[?25l$ git push origin m[0K[?25ha[0Ks[0Kt[0Ke[0Kr[0K[?25l
[0K[?25hEverything up-to-date[0K[?25l
[0K[?25h[?25l
[0;32mJCOE@LT1414 [0;35m [0;33m~/Documents/Projects/twinetbook[0;36m (master)[0m[0K
$[0K[3G[?25h[?25l$ g[0K[?25hi[0Kt[0K[7G[?25l$ git r[0K[?25he[0Km[0Ko[0Kt[0Ke[0K[14G[?25l$ git remote -[0K[?25h[?25lv[0K[15G[?25h[16G[?25l
[0K[?25hgithub  https://github.com/JohnCoene/twinetbook.git (fetch)[0K[?25l
github  https://github.com/JohnCoene/twinetbook.git (push)[0K
origin  https://JohnCoene@bitbucket.org/JohnCoene/twinetbook.git (fetch)[0K
origin  https://JohnCoene@bitbucket.org/JohnCoene/twinetbook.git (push)[0K
[0K[?25h[?25l
[0;32mJCOE@LT1414 [0;35m [0;33m~/Documents/Projects/twinetbook[0;36m (master)[0m[0K
$[0K[3G[?25h[?25l$ g[0K[?25hi[0Kt[0K[7G[?25l$ git p[0K[7G[?25h[8G[?25l$ git pu[0K[?25hs[0Kh[0K[12G[?25l$ git push g[0K[?25h[?25li[0K[13G[?25h[14G[?25l$ git push git[0K[?25hh[0Ku[0Kb[0K[19G[?25l$ git push github m[0K[?25ha[0Ks[0Kt[0Ke[0Kr[0K[?25l
[0K[?25hEverything up-to-date[0K[?25l
[0K[?25h[?25l
[0;32mJCOE@LT1414 [0;35m [0;33m~/Documents/Projects/twinetbook[0;36m (master)[0m[0K
$[0K[3G[?25h[?25l$ g[0K[?25hi[0Kt[0K[7G[?25l$ git s[0K[?25ht[0Ka[0Kt[0Ku[0Ks[0K[?25l
[0K[?25hOn branch master[0K[?25l
Your branch is up-to-date with 'origin/master'.[0K
[0K
Changes to be committed:[0K
  (use "git reset HEAD <file>..." to unstage)[0K
[0K
        [0;32mmodified:   .Rproj.user/B7385CEA/console06/455836BE[0m[0K
        [0;32mmodified:   .Rproj.user/B7385CEA/console06/INDEX001[0m[0K
        [0;32mmodified:   .Rproj.user/shared/notebooks/paths[0m[0K
        [0;32mmodified:   04-graphs.Rmd[0m[0K
        [0;32mmodified:   09-advanced.Rmd[0m[0K
        [0;32mmodified:   _book/advanced.html[0m[0K
        [0;32mmodified:   _book/co-mentions.html[0m[0K
        [0;32mmodified:   _book/dynamic.html[0m[0K
        [0;32mmodified:   _book/ephemeral.html[0m[0K
        [0;32mmodified:   _book/get-started.html[0m[0K
        [0;32mmodified:   _book/graphs.html[0m[0K
        [0;32mmodified:   _book/hashtags.html[0m[0K
        [0;32mmodified:   _book/index.html[0m[0K
        [0;32mmodified:   _book/intro.html[0m[0K
        [0;32mmodified:   _book/performances.html[0m[0K
        [0;32mmodified:   _book/pkgs.html[0m[0K
        [0;32mmodified:   _book/prerequisites.html[0m[0K
        [0;32mmodified:   _book/references.html[0m[0K
        [0;32mmodified:   _book/retweets.html[0m[0K
        [0;32mmodified:   _book/rmd.html[0m[0K
        [0;32mmodified:   _book/search_index.json[0m[0K
        [0;32mmodified:   _book/temporal.html[0m[0K
        [0;32mdeleted:    _book/twinetbook_files/figure-html/unnamed-chunk-41-1.png[0m[0K
        [0;32mnew file:   _book/twinetbook_files/figure-html/unnamed-chunk-42-1.png[0m[0K
        [0;32mmodified:   _bookdown_files/twinetbook_files/figure-html/unnamed-chunk-42-1.png[0m[0K
        [0;32mmodified:   packages.bib[0m[0K
[0K
Changes not staged for commit:[0K
  (use "git add <file>..." to update what will be committed)[0K
  (use "git checkout -- <file>..." to discard changes in working directory)[0K
[0K
        [0;31mmodified:   .Rproj.user/B7385CEA/console06/455836BE[0m[0K
[0K
[0K[?25h[?25l
[0;32mJCOE@LT1414 [0;35m [0;33m~/Documents/Projects/twinetbook[0;36m (master)[0m[0K
$[0K[3G[?25h[?25l$ g[0K[?25hi[0Kt[0K[7G[?25l$ git c[0K[?25h[?25l$ git[0K[7G[?25h[6G[7G[?25l$ git a[0K[?25hd[0Kd[0K[11G[?25l$ git add -[0K[11G[?25h[12G[?25l$ git add -A[0K[?25h[?25l
[0K[?25h[?25l
[0;32mJCOE@LT1414 [0;35m [0;33m~/Documents/Projects/twinetbook[0;36m (master)[0m[0K
$ g[0K[?25hi[0K[?25lt[0K[5G[?25h[6G[7G[?25l$ git c[0K[?25ho[0K[?25lm[0K[9G[?25h[10G[?25l$ git comm[0K[?25hi[0Kt[0K[14G[?25l$ git commit -[0K[?25hm[0K[17G[?25l$ git commit -m "[0K[?25hg[0Kr[0Ka[0Kp[0Kh[0K[24G[?25l$ git commit -m "graph t[0K[?25hy[0Kp[0Ke[0K[?25ls[0K[28G[?25h[29G[30G[?25l$ git commit -m "graph types d[0K[?25he[0K[?25ls[0K[32G[?25h[33G[?25l$ git commit -m "graph types desc[0K[?25hr[0Ki[0Kp[0Kt[0Ki[0Ko[0Kn[0K[42G[?25l$ git commit -m "graph types description i[0K[?25hm[0Kp[0Kr[0Ko[0Kv[0Ke[0Kd[0K"[0K[?25l
[0K[?25h[master e205096] graph types description improved[0K[?25l
 26 files changed, 6339 insertions(+), 4747 deletions(-)[0K
 rewrite .Rproj.user/B7385CEA/console06/INDEX001 (86%)[0K
 rewrite .Rproj.user/shared/notebooks/paths (100%)[0K
 rewrite _book/advanced.html (92%)[0K
 rewrite _book/co-mentions.html (93%)[0K
 rewrite _book/dynamic.html (88%)[0K
 rewrite _book/ephemeral.html (88%)[0K
 rewrite _book/get-started.html (86%)[0K
 rewrite _book/hashtags.html (90%)[0K
 rewrite _book/performances.html (70%)[0K
 rewrite _book/retweets.html (83%)[0K
 rewrite _book/temporal.html (90%)[0K
 delete mode 100644 _book/twinetbook_files/figure-html/unnamed-chunk-41-1.png[0K
 create mode 100644 _book/twinetbook_files/figure-html/unnamed-chunk-42-1.png[0K
 rewrite _bookdown_files/twinetbook_files/figure-html/unnamed-chunk-42-1.png (99%)[0K
[0K[?25h[?25l
[0;32mJCOE@LT1414 [0;35m [0;33m~/Documents/Projects/twinetbook[0;36m (master)[0m[0K
$[0K[3G[?25h[?25l$ git p[0K[?25hu[0Ks[0Kh[0K[?25l
[0K[?25hCounting objects: 37, done.[0K[?25l
[0K[?25hDelta compression using up to 4 threads.[0K[?25l
Compressing objects:  12% (4/33)[0K[1G[?25h[?25lCompressing objects:  18% (6/33)[0K[1G[?25h[?25lCompressing objects:  30% (10/33)[0K[1G[?25h[?25lCompressing objects:  42% (14/33)[0K[1G[?25h[?25lCompressing objects:  63% (21/33)[0K[1G[?25h[?25lCompressing objects:  87% (29/33)[0K[1G[?25h[?25lCompressing objects:  90% (30/33)[0K[1G[?25h[?25lCompressing objects:  93% (31/33)[0K[1G[?25h[?25lCompressing objects: 100% (33/33)[0K[1G[?25hCompressing objects: 100% (33/33), done.[0K[?25l
Writing objects:  35% (13/37)[0K[1G[?25h[?25lWriting objects:  37% (14/37)[0K[1G[?25h[?25lWriting objects:  40% (15/37)[0K[1G[?25h[?25lWriting objects:  45% (17/37)[0K[1G[?25h[?25lWriting objects:  51% (19/37)[0K[1G[?25h[?25lWriting objects:  62% (23/37)[0K[1G[?25h[?25lWriting objects:  67% (25/37), 984.00 KiB | 728.00 KiB/s[0K[1G[?25h[?25lWriting objects:  78% (29/37), 984.00 KiB | 728.00 KiB/s[0K[1G[?25h[?25lWriting objects: 100% (37/37), 1.50 MiB | 1020.00 KiB/s, done.[0K[1G[?25h[?25l
Total 37 (delta 22), reused 0 (delta 0)[0K
[0K[?25hTo https://bitbucket.org/JohnCoene/twinetbook.git[0K[?25l
   df29361..e205096  master -> master[0K
[0K[?25h[?25l
[0;32mJCOE@LT1414 [0;35m [0;33m~/Documents/Projects/twinetbook[0;36m (master)[0m[0K
$[0K[3G[?25h[?25l$ g[0K[?25hi[0Kt[0K[7G[?25l$ git p[0K[?25hu[0Ks[0Kh[0K[12G[?25l$ git push g[0K[?25hi[0Kt[0Kh[0Ku[0Kb[0K[19G[?25l$ git push github m[0K[?25ha[0Ks[0Kt[0Ke[0Kr[0K[?25l
[0K[?25hCounting objects: 37, done.[0K[?25l
Delta compression using up to 4 threads.[0K
Compressing objects:  12% (4/33)[0K[1G[?25h[?25lCompressing objects:  18% (6/33)[0K[1G[?25h[?25lCompressing objects:  42% (14/33)[0K[1G[?25h[?25lCompressing objects:  87% (29/33)[0K[1G[?25h[?25lCompressing objects:  90% (30/33)[0K[1G[?25h[?25lCompressing objects:  93% (31/33)[0K[1G[?25h[?25lCompressing objects: 100% (33/33)[0K[1G[?25hCompressing objects: 100% (33/33), done.[0K[?25l
Writing objects:  35% (13/37)[0K[1G[?25h[?25lWriting objects:  37% (14/37)[0K[1G[?25h[?25lWriting objects:  40% (15/37)[0K[1G[?25h[?25lWriting objects:  45% (17/37)[0K[1G[?25h[?25lWriting objects:  62% (23/37)[0K[1G[?25h[?25lWriting objects:  70% (26/37), 984.00 KiB | 560.00 KiB/s[0K[1G[?25h[?25lWriting objects:  78% (29/37), 984.00 KiB | 560.00 KiB/s[0K[1G[?25hWriting objects: 100% (37/37), 1.50 MiB | 811.00 KiB/s, done.[0K[?25l
Total 37 (delta 22), reused 0 (delta 0)[0K
[0K[?25hremote: Resolving deltas: 100% (22/22), completed with 20 local objects.[0K[?25l
To https://github.com/JohnCoene/twinetbook.git[0K
   df29361..e205096  master -> master[0K
[0K[?25h[?25l
[0;32mJCOE@LT1414 [0;35m [0;33m~/Documents/Projects/twinetbook[0;36m (master)[0m[0K
$[0K[3G[?25h[0m[0K]0;[?25l
[0;32mJCOE@LT1414 [0;35m [0;33m~/Documents/Projects/twinetbook[0;36m (master)[0m[0K
[?25l$ g[0K[?25h[?25li[0K[4G[?25h[5G[?25l$ git[0K[?25h[7G[?25l$ git r[0K[?25h[?25le[0K[8G[?25h[9G[?25l$ git rem[0K[?25ho[0Kt[0Ke[0K[14G[?25l$ git remote -[0K[?25hv[0K[?25l
[0K[?25hgithub  https://github.com/JohnCoene/twinetbook.git (fetch)[0K[?25l
github  https://github.com/JohnCoene/twinetbook.git (push)[0K
origin  https://JohnCoene@bitbucket.org/JohnCoene/twinetbook.git (fetch)[0K
origin  https://JohnCoene@bitbucket.org/JohnCoene/twinetbook.git (push)[0K
[0K[?25h[?25l
[0;32mJCOE@LT1414 [0;35m [0;33m~/Documents/Projects/twinetbook[0;36m (master)[0m[0K
$[0K[3G[?25h[?25l$ g[0K[?25hi[0Kt[0K[7G[?25l$ git s[0K[?25h[?25lt[0K[8G[?25h[9G[?25l$ git sta[0K[?25h[?25lt[0K[10G[?25h[11G[?25l$ git statu[0K[?25hs[0K[?25l
[0K[?25hOn branch master[0K[?25l
Your branch is up-to-date with 'origin/master'.[0K
[0K
Changes not staged for commit:[0K
  (use "git add <file>..." to update what will be committed)[0K
  (use "git checkout -- <file>..." to discard changes in working directory)[0K
[0K
        [0;31mmodified:   .Rproj.user/B7385CEA/console06/455836BE[0m[0K
        [0;31mmodified:   .Rproj.user/B7385CEA/console06/INDEX001[0m[0K
        [0;31mmodified:   .Rproj.user/B7385CEA/sources/prop/INDEX[0m[0K
        [0;31mmodified:   .Rproj.user/shared/notebooks/paths[0m[0K
        [0;31mmodified:   10-dynamic.Rmd[0m[0K
        [0;31mmodified:   _book/advanced.html[0m[0K
        [0;31mmodified:   _book/co-mentions.html[0m[0K
        [0;31mmodified:   _book/dynamic.html[0m[0K
        [0;31mmodified:   _book/ephemeral.html[0m[0K
        [0;31mmodified:   _book/get-started.html[0m[0K
        [0;31mmodified:   _book/hashtags.html[0m[0K
        [0;31mmodified:   _book/performances.html[0m[0K
        [0;31mmodified:   _book/retweets.html[0m[0K
        [0;31mmodified:   _book/rmd.html[0m[0K
        [0;31mmodified:   _book/search_index.json[0m[0K
        [0;31mmodified:   _book/temporal.html[0m[0K
        [0;31mmodified:   _book/twinetbook_files/figure-html/unnamed-chunk-42-1.png[0m[0K
        [0;31mmodified:   _bookdown_files/twinetbook_files/figure-html/unnamed-chunk-42-1.png[0m[0K
[0K
no changes added to commit (use "git add" and/or "git commit -a")[0K
[0K[?25h[?25l
[0;32mJCOE@LT1414 [0;35m [0;33m~/Documents/Projects/twinetbook[0;36m (master)[0m[0K
$[0K[3G[?25h[?25l$ g[0K[?25hio[0Kt[0K[8G[?25l$ giot a[0K[?25hd[0Kd[0K[12G[?25l$ giot add -[0K[?25hA[0K[?25l
bash: giot: command not found[0K
[0K[?25h[?25l
[0;32mJCOE@LT1414 [0;35m [0;33m~/Documents/Projects/twinetbook[0;36m (master)[0m[0K[13G[?25h[?25l
$[0K[3G[?25h[?25l$ g[0K[?25hi[0Kt[0K[7G[?25l$ git a[0K[?25hd[0Kd[0K[11G[?25l$ git add -[0K[?25hA[0K[?25l
[0K[?25h