
[0K
[0K
[0K
[0K
[0K
[0K
[0K
[0K
[0K
[0K
[0K
[0K
[0K
[0K
[0K
[0K
[0K
[0K
[0K[24A[9G[?25h[?25l$ git add[0K
[0K
[0K
[0K
[0K
[0K
[0K
[0K
[0K
[0K
[0K
[0K
[0K
[0K
[0K
[0K
[0K
[0K
[0K
[0K
[0K
[0K
[0K
[0K
[0K[24A[9G[?25h[10G[11G[?25l$ git add -[0K
[0K
[0K
[0K
[0K
[0K
[0K
[0K
[0K
[0K
[0K
[0K
[0K
[0K
[0K
[0K
[0K
[0K
[0K
[0K
[0K
[0K
[0K
[0K
[0K[24A[11G[?25h[12G[?25l$ git add -A[0K
[0K
[0K
[0K
[0K
[0K
[0K
[0K
[0K
[0K
[0K
[0K
[0K
[0K
[0K
[0K
[0K
[0K
[0K
[0K
[0K
[0K
[0K
[0K
[0K[24A[13G[?25h[?25l
[?25hwarning: LF will be replaced by CRLF in .Rproj.user/B7385CEA/sources/prop/EE540FC6.[0K[?25l
The file will have its original line endings in your working directory.[0K
warning: LF will be replaced by CRLF in .Rproj.user/B7385CEA/sources/prop/F145D93F.[0K
The file will have its original line endings in your working directory.[0K
warning: LF will be replaced by CRLF in .Rproj.user/B7385CEA/sources/prop/INDEX.[0K
The file will have its original line endings in your working directory.[0K
warning: LF will be replaced by CRLF in .Rproj.user/shared/notebooks/paths.[0K
The file will have its original line endings in your working directory.[0K
[0K
[0K
[0K
[0K
[0K
[0K
[0K
[0K
[0K
[0K
[0K
[0K
[0K
[0K
[0K
[0K[15A[?25h[?25l
[0;32mJCOE@LT1414 [0;35m [0;33m~/Documents/Projects/twinetbook[0;36m (master)[0m[0K
$ git[0K
[0K
[0K
[0K
[0K
[0K
[0K
[0K
[0K
[0K
[0K
[0K
[0K
[0K[13A[6G[?25h[7G[?25l$ git c[0K
[0K
[0K
[0K
[0K
[0K
[0K
[0K
[0K
[0K
[0K
[0K
[0K
[0K[13A[8G[?25h[?25l$ git co[0K
[0K
[0K
[0K
[0K
[0K
[0K
[0K
[0K
[0K
[0K
[0K
[0K
[0K[13A[9G[?25h[?25l$ git com[0K
[0K
[0K
[0K
[0K
[0K
[0K
[0K
[0K
[0K
[0K
[0K
[0K
[0K[13A[10G[?25h[?25l$ git comm[0K
[0K
[0K
[0K
[0K
[0K
[0K
[0K
[0K
[0K
[0K
[0K
[0K
[0K[13A[11G[?25h[?25l$ git commi[0K
[0K
[0K
[0K
[0K
[0K
[0K
[0K
[0K
[0K
[0K
[0K
[0K
[0K[13A[11G[?25h[12G[?25l$ git commit[0K
[0K
[0K
[0K
[0K
[0K
[0K
[0K
[0K
[0K
[0K
[0K
[0K
[0K[13A[13G[?25h[14G[?25l$ git commit -[0K
[0K
[0K
[0K
[0K
[0K
[0K
[0K
[0K
[0K
[0K
[0K
[0K
[0K[13A[15G[?25h[?25l$ git commit -m[0K
[0K
[0K
[0K
[0K
[0K
[0K
[0K
[0K
[0K
[0K
[0K
[0K
[0K[13A[16G[?25h[17G[?25l$ git commit -m "[0K
[0K
[0K
[0K
[0K
[0K
[0K
[0K
[0K
[0K
[0K
[0K
[0K
[0K[13A[18G[?25h[?25l$ git commit -m ""[0K
[0K
[0K
[0K
[0K
[0K
[0K
[0K
[0K
[0K
[0K
[0K
[0K
[0K[13A[19G[?25h[18G[?25l$ git commit -m "f"[0K
[0K
[0K
[0K
[0K
[0K
[0K
[0K
[0K
[0K
[0K
[0K
[0K
[0K[13A[19G[?25h[?25l$ git commit -m "fi"[0K
[0K
[0K
[0K
[0K
[0K
[0K
[0K
[0K
[0K
[0K
[0K
[0K
[0K[13A[20G[?25h[?25l$ git commit -m "fix"[0K
[0K
[0K
[0K
[0K
[0K
[0K
[0K
[0K
[0K
[0K
[0K
[0K
[0K[13A[21G[?25h[?25l$ git commit -m "fixe"[0K
[0K
[0K
[0K
[0K
[0K
[0K
[0K
[0K
[0K
[0K
[0K
[0K
[0K[13A[22G[?25h[?25l$ git commit -m "fixed"[0K
[0K
[0K
[0K
[0K
[0K
[0K
[0K
[0K
[0K
[0K
[0K
[0K
[0K[13A[23G[?25h[?25l$ git commit -m "fixed "[0K
[0K
[0K
[0K
[0K
[0K
[0K
[0K
[0K
[0K
[0K
[0K
[0K
[0K[13A[24G[?25h[?25l$ git commit -m "fixed v"[0K
[0K
[0K
[0K
[0K
[0K
[0K
[0K
[0K
[0K
[0K
[0K
[0K
[0K[13A[25G[?25h[?25l$ git commit -m "fixed vi"[0K
[0K
[0K
[0K
[0K
[0K
[0K
[0K
[0K
[0K
[0K
[0K
[0K
[0K[13A[25G[?25h[26G[?25l$ git commit -m "fixed viz"[0K
[0K
[0K
[0K
[0K
[0K
[0K
[0K
[0K
[0K
[0K
[0K
[0K
[0K[13A[27G[?25h[?25l
[?25h[master 24fdeaf] fixed viz[0K[?25l
 26 files changed, 687 insertions(+), 2236 deletions(-)[0K
 rewrite .Rproj.user/B7385CEA/console06/INDEX001 (100%)[0K
 delete mode 100644 _book/2-intro.html[0K
 delete mode 100644 _book/3-pkgs.html[0K
 delete mode 100644 _book/4-methods.html[0K
 delete mode 100644 _book/5-1-example-one.html[0K
 delete mode 100644 _book/5-2-example-two.html[0K
 delete mode 100644 _book/5-applications.html[0K
 delete mode 100644 _book/6-final-words.html[0K
 rewrite _book/advanced.html (90%)[0K
 delete mode 100644 _book/applications.html[0K
 delete mode 100644 _book/final-words.html[0K
 delete mode 100644 _book/libs/tufte-css-2015.12.29/et-book/bold-line-figures.ttf[0K
 delete mode 100644 _book/libs/tufte-css-2015.12.29/et-book/display-italic-old-style-figures.ttf[0K
 delete mode 100644 _book/libs/tufte-css-2015.12.29/et-book/roman-line-figures.ttf[0K
 delete mode 100644 _book/libs/tufte-css-2015.12.29/et-book/roman-old-style-figures.ttf[0K
 delete mode 100644 _book/libs/tufte-css-2015.12.29/tufte-background.css[0K
 delete mode 100644 _book/libs/tufte-css-2015.12.29/tufte-fonts.css[0K
 delete mode 100644 _book/libs/tufte-css-2015.12.29/tufte-italics.css[0K
 delete mode 100644 _book/libs/tufte-css-2015.12.29/tufte.css[0K
 delete mode 100644 _book/literature.html[0K
 delete mode 100644 _book/twinetbook_files/figure-html/nice-fig-1.png[0K
[0K[?25h[?25l
[0;32mJCOE@LT1414 [0;35m [0;33m~/Documents/Projects/twinetbook[0;36m (master)[0m[0K
$[0K[3G[?25h[?25l$ g[0K[?25hit[0K[7G[?25l$ git p[0K[?25hu[0Ks[0Kh[0K[?25l
[0K[?25hCounting objects: 18, done.[0K[?25l
[0K[?25hDelta compression using up to 4 threads.[0K[?25l
Compressing objects: 100% (16/16), done.[0K
[0K[?25hWriting objects: 100% (18/18), 38.48 KiB | 1.67 MiB/s, done.[0K[?25l
Total 18 (delta 10), reused 0 (delta 0)[0K
[0K[?25hTo https://bitbucket.org/JohnCoene/twinetbook.git[0K[?25l
   02c7253..24fdeaf  master -> master[0K
[0K[?25h[?25l
[0;32mJCOE@LT1414 [0;35m [0;33m~/Documents/Projects/twinetbook[0;36m (master)[0m[0K
$[0K[3G[?25h[?25l$ g[0K[?25hi[0K[?25l$ g[0K[?25h[?25l$[0K[3G[?25h[0m[0K]0;[?25l
[0;32mJCOE@LT1414 [0;35m [0;33m~/Documents/Projects/twinetbook[0;36m (master)[0m[0K
$ c[0K[?25hl[0Ke[0Kar[0K[?25l
[0K[?25h[?25l
[0K
[0K
[0K
[0K
[0K
[0K
[0K
[0K
[0K
[0K
[0K
[0K
[0K
[0K
[0K
[0K
[0K
[0K
[0K
[0K
[0K
[0K
[0K
[0K
[0K
[0K
[0K[26A[?25h[?25l
[0;32mJCOE@LT1414 [0;35m [0;33m~/Documents/Projects/twinetbook[0;36m (master)[0m[0K
$[0K
[0K
[0K
[0K
[0K
[0K
[0K
[0K
[0K
[0K
[0K
[0K
[0K
[0K
[0K
[0K
[0K
[0K
[0K
[0K
[0K
[0K
[0K
[0K
[?25l$ g[0K
[0K
[0K
[0K
[0K
[0K
[0K
[0K
[0K
[0K
[0K
[0K
[0K
[0K
[0K
[0K
[0K
[0K
[0K
[0K
[0K
[0K
[0K
[0K
[0K[24A[4G[?25h[?25l$ gi[0K
[0K
[0K
[0K
[0K
[0K
[0K
[0K
[0K
[0K
[0K
[0K
[0K
[0K
[0K
[0K
[0K
[0K
[0K
[0K
[0K
[0K
[0K
[0K
[0K[24A[5G[?25h[?25l$ git[0K
[0K
[0K
[0K
[0K
[0K
[0K
[0K
[0K
[0K
[0K
[0K
[0K
[0K
[0K
[0K
[0K
[0K
[0K
[0K
[0K
[0K
[0K
[0K
[0K[24A[6G[?25h[7G[?25l$ git s[0K
[0K
[0K
[0K
[0K
[0K
[0K
[0K
[0K
[0K
[0K
[0K
[0K
[0K
[0K
[0K
[0K
[0K
[0K
[0K
[0K
[0K
[0K
[0K
[0K[24A[8G[?25h[?25l$ git st[0K
[0K
[0K
[0K
[0K
[0K
[0K
[0K
[0K
[0K
[0K
[0K
[0K
[0K
[0K
[0K
[0K
[0K
[0K
[0K
[0K
[0K
[0K
[0K
[0K[24A[9G[?25h[?25l$ git sta[0K
[0K
[0K
[0K
[0K
[0K
[0K
[0K
[0K
[0K
[0K
[0K
[0K
[0K
[0K
[0K
[0K
[0K
[0K
[0K
[0K
[0K
[0K
[0K
[0K[24A[10G[?25h[?25l$ git stat[0K
[0K
[0K
[0K
[0K
[0K
[0K
[0K
[0K
[0K
[0K
[0K
[0K
[0K
[0K
[0K
[0K
[0K
[0K
[0K
[0K
[0K
[0K
[0K
[0K[24A[11G[?25h[?25l$ git statu[0K
[0K
[0K
[0K
[0K
[0K
[0K
[0K
[0K
[0K
[0K
[0K
[0K
[0K
[0K
[0K
[0K
[0K
[0K
[0K
[0K
[0K
[0K
[0K
[0K[24A[12G[?25h[?25l$ git status[0K
[0K
[0K
[0K
[0K
[0K
[0K
[0K
[0K
[0K
[0K
[0K
[0K
[0K
[0K
[0K
[0K
[0K
[0K
[0K
[0K
[0K
[0K
[0K
[0K[24A[13G[?25h[?25l
[?25hOn branch master[0K[?25l
Your branch is up-to-date with 'origin/master'.[0K
[0K
Changes not staged for commit:[0K
  (use "git add <file>..." to update what will be committed)[0K
  (use "git checkout -- <file>..." to discard changes in working directory)[0K
[0K
        [0;31mmodified:   .Rproj.user/B7385CEA/console06/455836BE[0m[0K
        [0;31mmodified:   .Rproj.user/B7385CEA/console06/INDEX001[0m[0K
[0K
no changes added to commit (use "git add" and/or "git commit -a")[0K
[0K
[0K
[0K
[0K
[0K
[0K
[0K
[0K
[0K
[0K
[0K
[0K
[0K[12A[?25h[?25l
[0;32mJCOE@LT1414 [0;35m [0;33m~/Documents/Projects/twinetbook[0;36m (master)[0m[0K
$[0K
[0K
[0K
[0K
[0K
[0K
[0K
[0K
[0K
[0K
[0K[10A[3G[?25h[?25l$ g[0K
[0K
[0K
[0K
[0K
[0K
[0K
[0K
[0K
[0K
[0K[10A[4G[?25h[?25l$ gi[0K
[0K
[0K
[0K
[0K
[0K
[0K
[0K
[0K
[0K
[0K[10A[5G[?25h[?25l$ git[0K
[0K
[0K
[0K
[0K
[0K
[0K
[0K
[0K
[0K
[0K[10A[6G[?25h[7G[?25l$ git r[0K
[0K
[0K
[0K
[0K
[0K
[0K
[0K
[0K
[0K
[0K[10A[8G[?25h[?25l$ git re[0K
[0K
[0K
[0K
[0K
[0K
[0K
[0K
[0K
[0K
[0K[10A[9G[?25h[?25l$ git rem[0K
[0K
[0K
[0K
[0K
[0K
[0K
[0K
[0K
[0K
[0K[10A[10G[?25h[?25l$ git remo[0K
[0K
[0K
[0K
[0K
[0K
[0K
[0K
[0K
[0K
[0K[10A[11G[?25h[?25l$ git remot[0K
[0K
[0K
[0K
[0K
[0K
[0K
[0K
[0K
[0K
[0K[10A[12G[?25h[?25l$ git remote[0K
[0K
[0K
[0K
[0K
[0K
[0K
[0K
[0K
[0K
[0K[10A[13G[?25h[14G[?25l$ git remote -[0K
[0K
[0K
[0K
[0K
[0K
[0K
[0K
[0K
[0K
[0K[10A[14G[?25h[15G[?25l$ git remote -v[0K
[0K
[0K
[0K
[0K
[0K
[0K
[0K
[0K
[0K
[0K[10A[16G[?25h[?25l
[?25hgithub  https://github.com/JohnCoene/twinetbook.git (fetch)[0K[?25l
github  https://github.com/JohnCoene/twinetbook.git (push)[0K
origin  https://JohnCoene@bitbucket.org/JohnCoene/twinetbook.git (fetch)[0K
origin  https://JohnCoene@bitbucket.org/JohnCoene/twinetbook.git (push)[0K
[0K
[0K
[0K
[0K
[0K
[0K[5A[?25h[?25l
[0;32mJCOE@LT1414 [0;35m [0;33m~/Documents/Projects/twinetbook[0;36m (master)[0m[0K
$[0K
[0K
[0K
[0K[3A[3G[?25h[?25l$ g[0K
[0K
[0K
[0K[3A[4G[?25h[?25l$ gi[0K
[0K
[0K
[0K[3A[5G[?25h[?25l$ git[0K
[0K
[0K
[0K[3A[6G[?25h[7G[?25l$ git p[0K
[0K
[0K
[0K[3A[8G[?25h[?25l$ git pu[0K
[0K
[0K
[0K[3A[9G[?25h[?25l$ git pus[0K
[0K
[0K
[0K[3A[10G[?25h[?25l$ git push[0K
[0K
[0K
[0K[3A[11G[?25h[12G[?25l$ git push b[0K
[0K
[0K
[0K[3A[13G[?25h[?25l$ git push[0K
[0K
[0K
[0K[3A[12G[?25h[?25l$ git push g[0K
[0K
[0K
[0K[3A[12G[?25h[13G[?25l$ git push gi[0K
[0K
[0K
[0K[3A[14G[?25h[?25l$ git push git[0K
[0K
[0K
[0K[3A[15G[?25h[?25l$ git push gith[0K
[0K
[0K
[0K[3A[15G[?25h[16G[?25l$ git push githu[0K
[0K
[0K
[0K[3A[17G[?25h[?25l$ git push github[0K
[0K
[0K
[0K[3A[18G[?25h[19G[?25l$ git push github m[0K
[0K
[0K
[0K[3A[20G[?25h[?25l$ git push github ma[0K
[0K
[0K
[0K[3A[21G[?25h[?25l$ git push github mas[0K
[0K
[0K
[0K[3A[22G[?25h[?25l$ git push github mast[0K
[0K
[0K
[0K[3A[23G[?25h[?25l$ git push github maste[0K
[0K
[0K
[0K[3A[24G[?25h[?25l$ git push github master[0K
[0K
[0K
[0K[3A[25G[?25h[?25l
[?25hCounting objects: 46, done.[0K[?25l
Delta compression using up to 4 threads.[0K
Compressing objects: 100% (41/41)[0K[1G[?25hCompressing objects: 100% (41/41), done.[0K[?25l
Writing objects:  45% (21/46)[0K[1G[?25hWriting objects: 100% (46/46), 114.07 KiB | 2.43 MiB/s, done.[0K[?25l
Total 46 (delta 28), reused 0 (delta 0)[0K
[0K[?25hremote: Resolving deltas: 100% (28/28), completed with 15 local objects.[0K[?25l
[0K[?25hTo https://github.com/JohnCoene/twinetbook.git[0K[?25l
   f9ef084..24fdeaf  master -> master[0K
[0K[?25h[?25l
[0;32mJCOE@LT1414 [0;35m [0;33m~/Documents/Projects/twinetbook[0;36m (master)[0m[0K
$[0K[3G[?25h[0m[0K]0;[?25l
[0;32mJCOE@LT1414 [0;35m [0;33m~/Documents/Projects/twinetbook[0;36m (master)[0m[0K
$ git[0K[?25h[?25l[1A[0;32mJCOE@LT1414 [0;35m [0;33m~/Documents/Projects/twinetbook[0;36m (master)[0K
[0m$ git[0K[?25h add -A[0K[?25l
[0K[?25hwarning: LF will be replaced by CRLF in .Rproj.user/B7385CEA/sources/prop/42B[0KC[?25l
98BB.[0K
The file will have its original line endings in your working directory.[0K
[0K[?25hwarning: LF will be replaced by CRLF in .Rproj.user/B7385CEA/sources/prop/F27[0K9[?25l
C0E1.[0K
The file will have its original line endings in your working directory.[0K
warning: LF will be replaced by CRLF in .Rproj.user/B7385CEA/sources/prop/IND[0KE
X.[0K
The file will have its original line endings in your working directory.[0K
warning: LF will be replaced by CRLF in .Rproj.user/shared/notebooks/paths.[0K
The file will have its original line endings in your working directory.[0K
[0K[?25h[?25l
[0;32mJCOE@LT1414 [0;35m [0;33m~/Documents/Projects/twinetbook[0;36m (master)[0m[0K
[?25l$ g[0K[?25hi[0Kt[0K[7G[?25l$ git a[0K[?25hd[0Kd[0K[11G[?25l$ git add -[0K[?25hA[0K[?25l
[0K[?25h[?25l
[0;32mJCOE@LT1414 [0;35m [0;33m~/Documents/Projects/twinetbook[0;36m (master)[0m[0K
$ g[0K[?25hi[0Kt[0K[7G[?25l$ git c[0K[?25ho[0Km[0Km[0Ki[0Kt[0K[14G[?25l$ git commit -[0K[?25h[?25lm[0K[15G[?25h[16G[17G[?25l$ git commit -m "[0K[?25h"[0K[18G[?25l$ git commit -m "a"[0K[19G[?25h[?25l$ git commit -m "ad"[0K[20G[?25h[?25l$ git commit -m "add"[0K[21G[?25h[?25l$ git commit -m "adde"[0K[22G[?25h[?25l$ git commit -m "added"[0K[23G[?25h[?25l$ git commit -m "adde"[0K[22G[?25h[?25l$ git commit -m "add"[0K[?25h[21G[?25l$ git commit -m "ad"[0K[20G[?25h[?25l$ git commit -m "a"[0K[19G[?25h[?25l$ git commit -m ""[0K[18G[?25h[?25l$ git commit -m "c"[0K[19G[?25h[?25l$ git commit -m "co"[0K[20G[?25h[?25l$ git commit -m "cor"[0K[21G[?25h[?25l$ git commit -m "corr"[0K[22G[?25h[?25l$ git commit -m "corre"[0K[23G[?25h[?25l$ git commit -m "correc"[0K[23G[?25h[24G[?25l$ git commit -m "correct"[0K[25G[?25h[?25l$ git commit -m "correcti"[0K[26G[?25h[?25l$ git commit -m "correctio"[0K[26G[?25h[27G[?25l$ git commit -m "correction"[0K[28G[?25h[?25l$ git commit -m "corrections"[0K[29G[?25h[?25l$ git commit -m "corrections "[0K[30G[?25h[?25l$ git commit -m "corrections r"[0K[30G[?25h[31G[?25l$ git commit -m "corrections re"[0K[32G[?25h[?25l$ git commit -m "corrections rem"[0K[33G[?25h[?25l$ git commit -m "corrections remo"[0K[34G[?25h[?25l$ git commit -m "corrections remov"[0K[34G[?25h[35G[?25l$ git commit -m "corrections remove"[0K[36G[?25h[?25l$ git commit -m "corrections removed"[0K[37G[?25h[?25l$ git commit -m "corrections removed "[0K[38G[?25h[?25l$ git commit -m "corrections removed m"[0K[38G[?25h[39G[?25l$ git commit -m "corrections removed me"[0K[40G[?25h[?25l$ git commit -m "corrections removed met"[0K[41G[?25h[?25l$ git commit -m "corrections removed meth"[0K[42G[?25h[?25l$ git commit -m "corrections removed metho"[0K[43G[?25h[?25l$ git commit -m "corrections removed method"[0K[43G[?25h[44G[?25l$ git commit -m "corrections removed methods"[0K[45G[?25h[?25l
[0K[?25h[master adba8a4] corrections removed methods[0K[?25l
 22 files changed, 1645 insertions(+), 1268 deletions(-)[0K
 rewrite .Rproj.user/B7385CEA/console06/455836BE (80%)[0K
 rewrite .Rproj.user/B7385CEA/console06/INDEX001 (84%)[0K
 delete mode 100644 02-method.Rmd[0K
 rename 03-packages.Rmd => 02-packages.Rmd (71%)[0K
 rename 04-starting.Rmd => 03-starting.Rmd (69%)[0K
 rename 05-Advanced.Rmd => 04-advanced.Rmd (87%)[0K
 rename 06-references.Rmd => 05-references.Rmd (100%)[0K
 rewrite _book/advanced.html (91%)[0K
 delete mode 100644 _book/methods.html[0K
 rewrite _book/search_index.json (86%)[0K
[0K[?25h[?25l
[0;32mJCOE@LT1414 [0;35m [0;33m~/Documents/Projects/twinetbook[0;36m (master)[0m[0K
$ git[0K[?25h[7G[?25l$ git p[0K[?25hu[0Ks[0K[?25lh[0K[10G[?25h[11G[?25l
[0K[?25hCounting objects: 29, done.[0K[?25l
Delta compression using up to 4 threads.[0K
Compressing objects:  29% (8/27)[0K[1G[?25hCompressing objects: 100% (27/27), done.[0K[?25l
Writing objects:  72% (21/29)[0K[1G[?25hWriting objects: 100% (29/29), 58.45 KiB | 2.16 MiB/s, done.[0K[?25l
Total 29 (delta 17), reused 0 (delta 0)[0K
[0K[?25hTo https://bitbucket.org/JohnCoene/twinetbook.git[0K[?25l
   24fdeaf..adba8a4  master -> master[0K
[0K[?25h[?25l
[0;32mJCOE@LT1414 [0;35m [0;33m~/Documents/Projects/twinetbook[0;36m (master)[0m[0K
$ git push github master[0K
[0K[?25hCounting objects: 29, done.[0K[?25l
Delta compression using up to 4 threads.[0K
Compressing objects:  77% (21/27)[0K[1G[?25hCompressing objects: 100% (27/27), done.[0K[?25l
Writing objects:  72% (21/29)[0K[1G[?25hWriting objects: 100% (29/29), 58.45 KiB | 2.09 MiB/s, done.[0K[?25l
Total 29 (delta 17), reused 0 (delta 0)[0K
[0K[?25hremote: Resolving deltas: 100% (17/17), completed with 15 local objects.[0K[?25l
To https://github.com/JohnCoene/twinetbook.git[0K
   24fdeaf..adba8a4  master -> master[0K
[0K[?25h[?25l
[0;32mJCOE@LT1414 [0;35m [0;33m~/Documents/Projects/twinetbook[0;36m (master)[0m[0K
$[0K[3G[?25h[?25l[12A[0;32mJCOE@LT1414 [0;35m [0;33m~/Documents/Projects/twinetboo[0Kk
[0;36m (master)[0K
[0m$ git push github master[0K
Counting objects: 29, done.[0K
Delta compression using up to 4 threads.[0K
Compressing objects: 100% (27/27), done.[0K
Writing objects: 100% (29/29), 58.45 KiB | [0K2
.09 MiB/s, done.[0K
Total 29 (delta 17), reused 0 (delta 0)[0K
remote: Resolving deltas: 100% (17/17), com[0Kp
leted with 15 local objects.[0K
To https://github.com/JohnCoene/twinetbook.[0Kg
it[0K
   24fdeaf..adba8a4  master -> master[0K
[0K
[0;32mJCOE@LT1414 [0;35m [0;33m~/Documents/Projects/twinetboo[0Kk
[0;36m (master)[0K
[0m$[0K[3G[?25h[?25l[8Aremote: Resolving deltas: 100% (17/17), completed with 15 local objects.[0K
To https://github.com/JohnCoene/twinetbook.git[0K
   24fdeaf..adba8a4  master -> master[0K
[0K
[0;32mJCOE@LT1414 [0;35m [0;33m~/Documents/Projects/twinetbook[0;36m (master)[0K
[0m$[0K
[0K
[0K
[0K[3A[3G[?25h[0m[0K]0;[?25l
[0;32mJCOE@LT1414 [0;35m [0;33m~/Documents/Projects/twinetbook[0;36m (master)[0m[0K
[?25l$ git a[0K[?25hd[0Kd[0K[11G[?25l$ git add -[0K[?25hA[0K