
[0K
[0K
[0K
[0K
[0K
[0K
[0K
[0K[20A[5G[?25h[?25l$ git[0K
[0K
[0K
[0K
[0K
[0K
[0K
[0K
[0K
[0K
[0K
[0K
[0K
[0K
[0K
[0K
[0K
[0K
[0K
[0K
[0K[20A[6G[?25h[7G[?25l$ git p[0K
[0K
[0K
[0K
[0K
[0K
[0K
[0K
[0K
[0K
[0K
[0K
[0K
[0K
[0K
[0K
[0K
[0K
[0K
[0K
[0K[20A[8G[?25h[?25l$ git pu[0K
[0K
[0K
[0K
[0K
[0K
[0K
[0K
[0K
[0K
[0K
[0K
[0K
[0K
[0K
[0K
[0K
[0K
[0K
[0K
[0K[20A[8G[?25h[9G[?25l$ git pul[0K
[0K
[0K
[0K
[0K
[0K
[0K
[0K
[0K
[0K
[0K
[0K
[0K
[0K
[0K
[0K
[0K
[0K
[0K
[0K
[0K[20A[10G[?25h[?25l$ git pull[0K
[0K
[0K
[0K
[0K
[0K
[0K
[0K
[0K
[0K
[0K
[0K
[0K
[0K
[0K
[0K
[0K
[0K
[0K
[0K
[0K[20A[11G[?25h[12G[?25l$ git pull g[0K
[0K
[0K
[0K
[0K
[0K
[0K
[0K
[0K
[0K
[0K
[0K
[0K
[0K
[0K
[0K
[0K
[0K
[0K
[0K
[0K[20A[13G[?25h[?25l$ git pull gi[0K
[0K
[0K
[0K
[0K
[0K
[0K
[0K
[0K
[0K
[0K
[0K
[0K
[0K
[0K
[0K
[0K
[0K
[0K
[0K
[0K[20A[14G[?25h[?25l$ git pull git[0K
[0K
[0K
[0K
[0K
[0K
[0K
[0K
[0K
[0K
[0K
[0K
[0K
[0K
[0K
[0K
[0K
[0K
[0K
[0K
[0K[20A[15G[?25h[?25l$ git pull gith[0K
[0K
[0K
[0K
[0K
[0K
[0K
[0K
[0K
[0K
[0K
[0K
[0K
[0K
[0K
[0K
[0K
[0K
[0K
[0K
[0K[20A[16G[?25h[?25l$ git pull githu[0K
[0K
[0K
[0K
[0K
[0K
[0K
[0K
[0K
[0K
[0K
[0K
[0K
[0K
[0K
[0K
[0K
[0K
[0K
[0K
[0K[20A[17G[?25h[?25l$ git pull githuy[0K
[0K
[0K
[0K
[0K
[0K
[0K
[0K
[0K
[0K
[0K
[0K
[0K
[0K
[0K
[0K
[0K
[0K
[0K
[0K
[0K[20A[18G[?25h[?25l$ git pull githuyb[0K
[0K
[0K
[0K
[0K
[0K
[0K
[0K
[0K
[0K
[0K
[0K
[0K
[0K
[0K
[0K
[0K
[0K
[0K
[0K
[0K[20A[19G[?25h[20G[?25l$ git pull githuyb m[0K
[0K
[0K
[0K
[0K
[0K
[0K
[0K
[0K
[0K
[0K
[0K
[0K
[0K
[0K
[0K
[0K
[0K
[0K
[0K
[0K[20A[21G[?25h[?25l$ git pull githuyb ma[0K
[0K
[0K
[0K
[0K
[0K
[0K
[0K
[0K
[0K
[0K
[0K
[0K
[0K
[0K
[0K
[0K
[0K
[0K
[0K
[0K[20A[22G[?25h[?25l$ git pull githuyb mas[0K
[0K
[0K
[0K
[0K
[0K
[0K
[0K
[0K
[0K
[0K
[0K
[0K
[0K
[0K
[0K
[0K
[0K
[0K
[0K
[0K[20A[23G[?25h[?25l$ git pull githuyb mast[0K
[0K
[0K
[0K
[0K
[0K
[0K
[0K
[0K
[0K
[0K
[0K
[0K
[0K
[0K
[0K
[0K
[0K
[0K
[0K
[0K[20A[24G[?25h[?25l$ git pull githuyb maste[0K
[0K
[0K
[0K
[0K
[0K
[0K
[0K
[0K
[0K
[0K
[0K
[0K
[0K
[0K
[0K
[0K
[0K
[0K
[0K
[0K[20A[25G[?25h[?25l$ git pull githuyb master[0K
[0K
[0K
[0K
[0K
[0K
[0K
[0K
[0K
[0K
[0K
[0K
[0K
[0K
[0K
[0K
[0K
[0K
[0K
[0K
[0K[20A[26G[?25h[?25l
[?25hfatal: 'githuyb' does not appear to be a git repository[0K[?25l
fatal: Could not read from remote repository.[0K
[0K
Please make sure you have the correct access rights[0K
and the repository exists.[0K
[0K
[0K
[0K
[0K
[0K
[0K
[0K
[0K
[0K
[0K
[0K
[0K
[0K
[0K
[0K[18A[?25h[?25l



[?25h[?25l
[0;32mJCOE@LT1414 [0;35m [0;33m~/Documents/Projects/twinetbook[0;36m (master)[0m[0K
$[0K
[0K
[0K
[0K
[0K
[0K
[0K
[0K
[0K
[0K
[0K
[0K
[0K[12A[3G[?25h[?25l$ git pull githuyb master[0K
[0K
[0K
[0K
[0K
[0K
[0K
[0K
[0K
[0K
[0K
[0K
[0K[12A[26G[?25h[25G[24G[23G[22G[21G[20G[19G[18G[?25l$ git pull github master[0K
[0K
[0K
[0K
[0K
[0K
[0K
[0K
[0K
[0K
[0K
[0K
[0K[12A[18G[?25h[17G[?25l
[?25hremote: Counting objects: 32, done.[0K[?25l
remote: Compressing objects: 100% (10/10), done.[0K
[0K
[0K
[0K
[0K
[0K
[0K
[0K
[0K
[0K
[0K[9A[?25h[?25lUnpacking objects:   6% (2/32)[0K
[0K
[0K
[0K
[0K
[0K
[0K
[0K
[0K
[0K[9A[?25h[?25lUnpacking objects:  18% (6/32)[0K
[0K
[0K
[0K
[0K
[0K
[0K
[0K
[0K
[0K[9A[?25h[?25lUnpacking objects:  28% (9/32)[0K
[0K
[0K
[0K
[0K
[0K
[0K
[0K
[0K
[0K[9A[?25h[?25lUnpacking objects:  31% (10/32)[0K
[0K
[0K
[0K
[0K
[0K
[0K
[0K
[0K
[0K[9A[?25h[?25lUnpacking objects:  34% (11/32)[0K
[0K
[0K
[0K
[0K
[0K
[0K
[0K
[0K
[0K[9A[?25h[?25lUnpacking objects:  37% (12/32)[0K
[0K
[0K
[0K
[0K
[0K
[0K
[0K
[0K
[0K[9A[?25h[?25lUnpacking objects:  40% (13/32)[0K
[0K
[0K
[0K
[0K
[0K
[0K
[0K
[0K
[0K[9A[?25h[?25lUnpacking objects:  43% (14/32)[0K
[0K
[0K
[0K
[0K
[0K
[0K
[0K
[0K
[0K[9A[?25h[?25lUnpacking objects:  46% (15/32)[0K
[0K
[0K
[0K
[0K
[0K
[0K
[0K
[0K
[0K[9A[?25h[?25lUnpacking objects:  50% (16/32)[0K
[0K
[0K
[0K
[0K
[0K
[0K
[0K
[0K
[0K[9A[?25h[?25lUnpacking objects:  53% (17/32)[0K
[0K
[0K
[0K
[0K
[0K
[0K
[0K
[0K
[0K[9A[?25h[?25lUnpacking objects:  59% (19/32)[0K
[0K
[0K
[0K
[0K
[0K
[0K
[0K
[0K
[0K[9A[?25h[?25lUnpacking objects:  62% (20/32)[0K
[0K
[0K
[0K
[0K
[0K
[0K
[0K
[0K
[0K[9A[?25h[?25lUnpacking objects:  68% (22/32)[0K
[0K
[0K
[0K
[0K
[0K
[0K
[0K
[0K
[0K[9A[?25h[?25lUnpacking objects:  75% (24/32)[0K
[0K
[0K
[0K
[0K
[0K
[0K
[0K
[0K
[0K[9A[?25h[?25lUnpacking objects:  81% (26/32)[0K
[0K
[0K
[0K
[0K
[0K
[0K
[0K
[0K
[0K[9A[?25h[0K[?25l
Unpacking objects:  87% (28/32)[0K
[0K
[0K
[0K
[0K
[0K
[0K
[0K
[0K[8A[?25hUnpacking objects: 100% (32/32), done.[0K[?25l
[0K
[0K
[0K
[0K
[0K
[0K
[0K
[0K[7A[?25hFrom https://github.com/JohnCoene/twinetbook[0K[?25l
 * branch            master     -> FETCH_HEAD[0K
[0K
[0K
[0K
[0K
[0K
[0K[5A[?25h   3306c53..077ebdb  master     -> github/master[0K[?25l
[0K
[0K
[0K
[0K
[0K[4A[?25herror: Your local changes to the following files would be overwritten by merge:[0K[?25l
        .Rproj.user/shared/notebooks/paths[0K
Please commit your changes or stash them before you merge.[0K
Aborting[0K
[0K[2A[46G[?25h[?25l

Updating 3306c53..077ebdb[0K
[0K[?25h[?25l
[0;32mJCOE@LT1414 [0;35m [0;33m~/Documents/Projects/twinetbook[0;36m (master)[0m[0K
$[0K[3G[?25h[?25l$ g[0K[?25hi[0Kt[0K[7G[?25l$ git a[0K[?25hd[0Kd[0K[11G[?25l$ git add -[0K[?25hA[0Kwarning: LF will be replaced by CRLF in .Rproj.user/B7385CEA/sources/prop/42BC98BB.[0K[?25l
The file will have its original line endings in your working directory.[0K
warning: LF will be replaced by CRLF in .Rproj.user/B7385CEA/sources/prop/INDEX.[0K
The file will have its original line endings in your working directory.[0K
[0K[?25hwarning: LF will be replaced by CRLF in .Rproj.user/shared/notebooks/paths.[0K[?25l
The file will have its original line endings in your working directory.[0K
[0K[?25h[?25l
[0;32mJCOE@LT1414 [0;35m [0;33m~/Documents/Projects/twinetbook[0;36m (master)[0m[0K
$ git c[0K[?25ho[0Km[0Km[0K[?25li[0K[11G[?25h[12G[?25l$ git commit[0K[?25h[14G[?25l$ git commit -[0K[?25hm[0K[17G[?25l$ git commit -m "[0K[?25h"[0K[18G[?25l$ git commit -m "r"[0K[19G[?25h[?25l$ git commit -m "re"[0K[19G[?25h[20G[?25l$ git commit -m "reo"[0K[21G[?25h[?25l$ git commit -m "reor"[0K[22G[?25h[?25l$ git commit -m "reord"[0K[23G[?25h[?25l$ git commit -m "reorde"[0K[24G[?25h[?25l$ git commit -m "reorder"[0K[25G[?25h[?25l$ git commit -m "reorderi"[0K[26G[?25h[?25l$ git commit -m "reorderin"[0K[27G[?25h[?25l$ git commit -m "reordering"[0K[28G[?25h[?25l
[0K[?25h[master b85cbf7] reordering[0K[?25l
 19 files changed, 1038 insertions(+), 278 deletions(-)[0K
 rewrite .Rproj.user/B7385CEA/console06/INDEX001 (86%)[0K
 create mode 100644 04-graphs.Rmd[0K
 delete mode 100644 05-advanced.Rmd[0K
 rename 04-starting.Rmd => 05-starting.Rmd (67%)[0K
 create mode 100644 06-retweets.Rmd[0K
 rename 06-hashtags.Rmd => 07-hashtags.Rmd (99%)[0K
 rename 07-comentions.Rmd => 08-comentions.Rmd (100%)[0K
 delete mode 100644 08-ego.Rmd[0K
 create mode 100644 09-advanced.Rmd[0K
 rename 09-dynamic.Rmd => 10-dynamic.Rmd (100%)[0K
 rename 10-temporal.Rmd => 11-temporal.Rmd (100%)[0K
 rename 11-ephemeral.Rmd => 12-ephemeral.Rmd (100%)[0K
 rename 12-Performances.Rmd => 13-Performances.Rmd (100%)[0K
 rename 13-Rmarkdown.Rmd => 15-Rmarkdown.Rmd (100%)[0K
[0K[?25h[?25l
[0;32mJCOE@LT1414 [0;35m [0;33m~/Documents/Projects/twinetbook[0;36m (master)[0m[0K
$[0K[3G[?25h[?25l$ g[0K[?25hi[0Kt[0K[7G[?25l$ git p[0K[?25hu[0Kl[0Kl[0K[?25l
[0K[?25hAlready up-to-date.[0K[?25l
[0K[?25h[?25l
[0;32mJCOE@LT1414 [0;35m [0;33m~/Documents/Projects/twinetbook[0;36m (master)[0m[0K
$[0K[3G[?25h[?25l$ g[0K[?25hi[0Kt[0K[7G[?25l$ git p[0K[?25hu[0Kl[0Kl[0K[12G[?25l$ git pull g[0K[?25hi[0Kt[0Kh[0Ku[0Kb[0K[19G[?25l$ git pull github m[0K[?25ha[0Ks[0Kt[0Ke[0Kr[0K[?25l
[0K[?25hFrom https://github.com/JohnCoene/twinetbook[0K[?25l
 * branch            master     -> FETCH_HEAD[0K
[0K[?25hAuto-merging 08-comentions.Rmd[0K[?25l
Auto-merging 05-starting.Rmd[0K
CONFLICT (content): Merge conflict in 05-starting.Rmd[0K
Auto-merging .Rproj.user/shared/notebooks/paths[0K
CONFLICT (content): Merge conflict in .Rproj.user/shared/notebooks/paths[0K
Automatic merge failed; fix conflicts and then commit the result.[0K
[0K[?25h[?25l
[0;32mJCOE@LT1414 [0;35m [0;33m~/Documents/Projects/twinetbook[0;36m (master|MERGING)[0m[0K
$[0K[3G[?25h[?25l$ c[0K[?25hl[0K[?25le[0K[5G[?25h[6G[?25l$ clea[0K[?25hr[0K[?25l
[0K[?25h[?25l
[0K
[0K
[0K
[0K
[0K
[0K
[0K
[0K
[0K
[0K
[0K
[0K
[0K
[0K
[0K
[0K
[0K
[0K
[0K
[0K
[0K
[0K
[0K
[0K
[0K
[0K
[0K[26A[?25h[?25l
[0;32mJCOE@LT1414 [0;35m [0;33m~/Documents/Projects/twinetbook[0;36m (master|MERGING)[0m[0K
$[0K
[0K
[0K
[0K
[0K
[0K
[0K
[0K
[0K
[0K
[0K
[0K
[0K
[0K
[0K
[0K
[0K
[0K
[0K
[0K
[0K
[0K
[0K
[0K
[0K[24A[3G[?25h[?25l$ g[0K
[0K
[0K
[0K
[0K
[0K
[0K
[0K
[0K
[0K
[0K
[0K
[0K
[0K
[0K
[0K
[0K
[0K
[0K
[0K
[0K
[0K
[0K
[0K
[0K[24A[4G[?25h[?25l$ gi[0K
[0K
[0K
[0K
[0K
[0K
[0K
[0K
[0K
[0K
[0K
[0K
[0K
[0K
[0K
[0K
[0K
[0K
[0K
[0K
[0K
[0K
[0K
[0K
[0K[24A[5G[?25h[?25l$ git[0K
[0K
[0K
[0K
[0K
[0K
[0K
[0K
[0K
[0K
[0K
[0K
[0K
[0K
[0K
[0K
[0K
[0K
[0K
[0K
[0K
[0K
[0K
[0K
[0K[24A[6G[?25h[7G[?25l$ git a[0K
[0K
[0K
[0K
[0K
[0K
[0K
[0K
[0K
[0K
[0K
[0K
[0K
[0K
[0K
[0K
[0K
[0K
[0K
[0K
[0K
[0K
[0K
[0K
[0K[24A[8G[?25h[?25l$ git ad[0K
[0K
[0K
[0K
[0K
[0K
[0K
[0K
[0K
[0K
[0K
[0K
[0K
[0K
[0K
[0K
[0K
[0K
[0K
[0K
[0K
[0K
[0K
[0K
[0K[24A[9G[?25h[?25l$ git add[0K
[0K
[0K
[0K
[0K
[0K
[0K
[0K
[0K
[0K
[0K
[0K
[0K
[0K
[0K
[0K
[0K
[0K
[0K
[0K
[0K
[0K
[0K
[0K
[0K[24A[10G[?25h[11G[?25l$ git add -[0K
[0K
[0K
[0K
[0K
[0K
[0K
[0K
[0K
[0K
[0K
[0K
[0K
[0K
[0K
[0K
[0K
[0K
[0K
[0K
[0K
[0K
[0K
[0K
[0K[24A[12G[?25h[?25l$ git add -a[0K
[0K
[0K
[0K
[0K
[0K
[0K
[0K
[0K
[0K
[0K
[0K
[0K
[0K
[0K
[0K
[0K
[0K
[0K
[0K
[0K
[0K
[0K
[0K
[0K[24A[13G[?25h[?25l
[?25herror: unknown switch `a'[0K[?25l
usage: git add [<options>] [--] <pathspec>...[0K
[0K
    -n, --dry-run         dry run[0K
    -v, --verbose         be verbose[0K
[0K
    -i, --interactive     interactive picking[0K
    -p, --patch           select hunks interactively[0K
    -e, --edit            edit current diff and apply[0K
    -f, --force           allow adding otherwise ignored files[0K
    -u, --update          update tracked files[0K
    -N, --intent-to-add   record only the fact that the path will be added later[0K
    -A, --all             add changes from all tracked and untracked files[0K
    --ignore-removal      ignore paths removed in the working tree (same as --no-all)[0K
    --refresh             don't add, only refresh the index[0K
    --ignore-errors       just skip files which cannot be added because of errors[0K
    --ignore-missing      check if - even missing - files are ignored in dry run[0K
    --chmod <(+/-)x>      override the executable bit of the listed files[0K
[0K
[0K
[0K
[0K
[0K
[0K[4A[?25h[?25l
[0;32mJCOE@LT1414 [0;35m [0;33m~/Documents/Projects/twinetbook[0;36m (master|MERGING)[0m[0K
$[0K
[0K
[0K[2A[3G[?25h[?25l$ g[0K
[0K
[0K[2A[4G[?25h[?25l$ gi[0K
[0K
[0K[2A[5G[?25h[6G[5G[?25l$ g[0K
[0K
[0K[2A[4G[?25h[?25l$[0K
[0K
[0K[2A[3G[?25h[?25l$ git add -a[0K
[0K
[0K[2A[3G[?25h[13G[?25l$ git add -[0K
[0K
[0K[2A[12G[?25h[?25l$ git add -A[0K
[0K
[0K[2A[13G[?25h[?25l
[?25hwarning: LF will be replaced by CRLF in .Rproj.user/B7385CEA/sources/prop/INDEX.[0K[?25l
The file will have its original line endings in your working directory.[0K
warning: LF will be replaced by CRLF in .Rproj.user/shared/notebooks/paths.[0K
The file will have its original line endings in your working directory.[0K
[0K[?25h[?25l
[0;32mJCOE@LT1414 [0;35m [0;33m~/Documents/Projects/twinetbook[0;36m (master|MERGING)[0m[0K
$[0K[3G[?25h[?25l$ g[0K[?25hi[0Kt[0K[7G[?25l$ git c[0K[?25ho[0K[?25lm[0K[9G[?25h[10G[?25l$ git comm[0K[?25hi[0Kt[0K[14G[?25l$ git commit -[0K[?25h[?25lm[0K[15G[?25h[16G[17G[16G[17G[?25l$ git commit -m "[0K[?25h"[0K[18G[?25l$ git commit -m "r"[0K[19G[?25h[?25l$ git commit -m "re"[0K[20G[?25h[?25l$ git commit -m "res"[0K[21G[?25h[?25l$ git commit -m "rest"[0K[22G[?25h[?25l$ git commit -m "restr"[0K[23G[?25h[?25l$ git commit -m "restru"[0K[23G[?25h[24G[?25l$ git commit -m "restruc"[0K[25G[?25h[?25l$ git commit -m "restruct"[0K[26G[?25h[?25l$ git commit -m "restructu"[0K[27G[?25h[?25l$ git commit -m "restructue"[0K[28G[?25h[?25l$ git commit -m "restructued"[0K[28G[?25h[29G[?25l
[0K[?25h[master 3e7b78d] restructued[0K[?25l
[0K[?25h[?25l
[0;32mJCOE@LT1414 [0;35m [0;33m~/Documents/Projects/twinetbook[0;36m (master)[0m[0K
$[0K[3G[?25h[?25l$ g[0K[?25hi[0Kt[0K[7G[?25l$ git p[0K[?25hu[0Ks[0Kh[0K[?25l
[0K[?25hCounting objects: 66, done.[0K[?25l
Delta compression using up to 4 threads.[0K
Compressing objects:   8% (5/58)[0K[1G[?25h[?25lCompressing objects:  70% (41/58)[0K[1G[?25h[?25lCompressing objects:  77% (45/58)[0K[1G[?25h[?25lCompressing objects:  81% (47/58)[0K[1G[?25h[?25lCompressing objects:  98% (57/58)[0K[2G[?25h[1GCompressing objects: 100% (58/58), done.[0K[?25l
Writing objects:  36% (24/66)[0K[1G[?25h[?25lWriting objects:  37% (25/66)[0K[1G[?25h[?25lWriting objects:  39% (26/66)[0K[1G[?25h[?25lWriting objects:  45% (30/66)[0K[1G[?25h[?25lWriting objects:  51% (34/66)[0K[1G[?25h[?25lWriting objects:  59% (39/66), 984.00 KiB | 701.00 KiB/s[0K[1G[?25hWriting objects: 100% (66/66), 1.20 MiB | 830.00 KiB/s, done.[0K[?25l
Total 66 (delta 31), reused 0 (delta 0)[0K
[0K[?25hTo https://bitbucket.org/JohnCoene/twinetbook.git[0K[?25l
   3306c53..3e7b78d  master -> master[0K
[0K[?25h[?25l
[0;32mJCOE@LT1414 [0;35m [0;33m~/Documents/Projects/twinetbook[0;36m (master)[0m[0K
$[0K[3G[?25h[?25l$ g[0K[?25hi[0Kt[0K[7G[?25l$ git p[0K[7G[?25h[8G[?25l$ git pu[0K[?25hs[0Kh[0K[12G[?25l$ git push b[0K[?25hi[0Kt[0Kb[0Ku[0Kc[0Kk[0Ke[0Kt[0K[22G[?25l$ git push bitbucket m[0K[?25ha[0Ks[0Kt[0Ke[0Kr[0K[?25l
[0K[?25hfatal: 'bitbucket' does not appear to be a git repository[0K[?25l
fatal: Could not read from remote repository.[0K
[0K
Please make sure you have the correct access rights[0K
and the repository exists.[0K
[0K[?25h[?25l
[0;32mJCOE@LT1414 [0;35m [0;33m~/Documents/Projects/twinetbook[0;36m (master)[0m[0K
$[0K[3G[?25h[?25l$ g[0K[?25hi[0Kt[0K[7G[?25l$ git r[0K[?25he[0Km[0Ko[0Kt[0Ke[0K[14G[?25l$ git remote -[0K[?25hv[0K[?25l
[0K[?25hgithub  https://github.com/JohnCoene/twinetbook.git (fetch)[0K[?25l
github  https://github.com/JohnCoene/twinetbook.git (push)[0K
origin  https://JohnCoene@bitbucket.org/JohnCoene/twinetbook.git (fetch)[0K
origin  https://JohnCoene@bitbucket.org/JohnCoene/twinetbook.git (push)[0K
[0K[?25h[?25l
[0;32mJCOE@LT1414 [0;35m [0;33m~/Documents/Projects/twinetbook[0;36m (master)[0m[0K
$[0K[3G[?25h[?25l$ git remote -v[0K[?25h[?25l$ git push bitbucket master[0K[?25h[?25l$ git push bitbucket maste[0K[?25h[?25l$ git push bitbucket mast[0K[?25h[?25l$ git push bitbucket mas[0K[?25h[?25l$ git push bitbucket ma[0K[?25h[?25l$ git push bitbucket m[0K[?25h[?25l$ git push bitbucket[0K[22G[?25h[21G[?25l$ git push bitbucke[0K[?25h[?25l$ git push bitbuck[0K[?25h[?25l$ git push bitbuc[0K[19G[?25h[?25l$ git push bitbu[0K[18G[?25h[17G[?25l$ git push bitb[0K[?25h[?25l$ git push bit[0K[?25h[?25l$ git push bi[0K[?25h[?25l$ git push b[0K[14G[?25h[13G[?25l$ git push[0K[12G[?25h[?25l$ git push g[0K[?25hi[0Kt[0K[?25l$ git push gi[0K[?25ht[0Kh[0K[?25lu[0K[16G[?25h[17G[?25l$ git push github[0K[17G[?25h[18G[19G[?25l$ git push github m[0K[?25ha[0Ks[0Kt[0Ke[0Kr[0K[?25l
[0K[?25hCounting objects: 34, done.[0K[?25l
Delta compression using up to 4 threads.[0K
Compressing objects:  96% (29/30)[0K[1G[?25hCompressing objects: 100% (30/30), done.[0K[?25l
Writing objects: 100% (34/34), 14.51 KiB | 1.61 MiB/s, done.[0K
Total 34 (delta 13), reused 0 (delta 0)[0K
[0K[?25hremote: Resolving deltas: 100% (13/13), completed with 6 local objects.[0K[?25l
To https://github.com/JohnCoene/twinetbook.git[0K
   077ebdb..3e7b78d  master -> master[0K
[0K[?25h[?25l
[0;32mJCOE@LT1414 [0;35m [0;33m~/Documents/Projects/twinetbook[0;36m (master)[0m[0K
$[0K[3G[?25h[0m[0K]0;[?25l
[0;32mJCOE@LT1414 [0;35m [0;33m~/Documents/Projects/twinetbook[0;36m (master)[0m[0K
[?25l$ c[0K[?25hl[0Ke[0Ka[0Kr[0K[?25l
[0K[?25h[?25l
[0K
[0K
[0K
[0K
[0K
[0K
[0K
[0K
[0K
[0K
[0K
[0K
[0K
[0K
[0K
[0K
[0K
[0K
[0K
[0K
[0K
[0K
[0K
[0K
[0K
[0K
[0K[26A[?25h[?25l
[0;32mJCOE@LT1414 [0;35m [0;33m~/Documents/Projects/twinetbook[0;36m (master)[0m[0K
$[0K
[0K
[0K
[0K
[0K
[0K
[0K
[0K
[0K
[0K
[0K
[0K
[0K
[0K
[0K
[0K
[0K
[0K
[0K
[0K
[0K
[0K
[0K
[0K
[0K[24A[3G[?25h[?25l$ g[0K
[0K
[0K
[0K
[0K
[0K
[0K
[0K
[0K
[0K
[0K
[0K
[0K
[0K
[0K
[0K
[0K
[0K
[0K
[0K
[0K
[0K
[0K
[0K
[0K[24A[4G[?25h[?25l$ gi[0K
[0K
[0K
[0K
[0K
[0K
[0K
[0K
[0K
[0K
[0K
[0K
[0K
[0K
[0K
[0K
[0K
[0K
[0K
[0K
[0K
[0K
[0K
[0K
[0K[24A[5G[?25h[?25l$ git[0K
[0K
[0K
[0K
[0K
[0K
[0K
[0K
[0K
[0K
[0K
[0K
[0K
[0K
[0K
[0K
[0K
[0K
[0K
[0K
[0K
[0K
[0K
[0K
[0K[24A[6G[?25h[?25l$ git p[0K
[0K
[0K
[0K
[0K
[0K
[0K
[0K
[0K
[0K
[0K
[0K
[0K
[0K
[0K
[0K
[0K
[0K
[0K
[0K
[0K
[0K
[0K
[0K
[0K[24A[8G[?25h[?25l$ git pu[0K
[0K
[0K
[0K
[0K
[0K
[0K
[0K
[0K
[0K
[0K
[0K
[0K
[0K
[0K
[0K
[0K
[0K
[0K
[0K
[0K
[0K
[0K
[0K
[0K[24A[8G[?25h[9G[?25l$ git pul[0K
[0K
[0K
[0K
[0K
[0K
[0K
[0K
[0K
[0K
[0K
[0K
[0K
[0K
[0K
[0K
[0K
[0K
[0K
[0K
[0K
[0K
[0K
[0K
[0K[24A[10G[?25h[?25l$ git pull[0K
[0K
[0K
[0K
[0K
[0K
[0K
[0K
[0K
[0K
[0K
[0K
[0K
[0K
[0K
[0K
[0K
[0K
[0K
[0K
[0K
[0K
[0K
[0K
[0K[24A[11G[?25h[12G[?25l$ git pull g[0K
[0K
[0K
[0K
[0K
[0K
[0K
[0K
[0K
[0K
[0K
[0K
[0K
[0K
[0K
[0K
[0K
[0K
[0K
[0K
[0K
[0K
[0K
[0K
[0K[24A[13G[?25h[?25l$ git pull gi[0K
[0K
[0K
[0K
[0K
[0K
[0K
[0K
[0K
[0K
[0K
[0K
[0K
[0K
[0K
[0K
[0K
[0K
[0K
[0K
[0K
[0K
[0K
[0K
[0K[24A[14G[?25h[?25l$ git pull git[0K
[0K
[0K
[0K
[0K
[0K
[0K
[0K
[0K
[0K
[0K
[0K
[0K
[0K
[0K
[0K
[0K
[0K
[0K
[0K
[0K
[0K
[0K
[0K
[0K[24A[15G[?25h[?25l$ git pull gith[0K
[0K
[0K
[0K
[0K
[0K
[0K
[0K
[0K
[0K
[0K
[0K
[0K
[0K
[0K
[0K
[0K
[0K
[0K
[0K
[0K
[0K
[0K
[0K
[0K[24A[16G[?25h[?25l$ git pull githu[0K
[0K
[0K
[0K
[0K
[0K
[0K
[0K
[0K
[0K
[0K
[0K
[0K
[0K
[0K
[0K
[0K
[0K
[0K
[0K
[0K
[0K
[0K
[0K
[0K[24A[17G[?25h[?25l$ git pull github[0K
[0K
[0K
[0K
[0K
[0K
[0K
[0K
[0K
[0K
[0K
[0K
[0K
[0K
[0K
[0K
[0K
[0K
[0K
[0K
[0K
[0K
[0K
[0K
[0K[24A[18G[?25h[19G[?25l$ git pull github m[0K
[0K
[0K
[0K
[0K
[0K
[0K
[0K
[0K
[0K
[0K
[0K
[0K
[0K
[0K
[0K
[0K
[0K
[0K
[0K
[0K
[0K
[0K
[0K
[0K[24A[20G[?25h[?25l$ git pull github ma[0K
[0K
[0K
[0K
[0K
[0K
[0K
[0K
[0K
[0K
[0K
[0K
[0K
[0K
[0K
[0K
[0K
[0K
[0K
[0K
[0K
[0K
[0K
[0K
[0K[24A[21G[?25h[?25l$ git pull github mas[0K
[0K
[0K
[0K
[0K
[0K
[0K
[0K
[0K
[0K
[0K
[0K
[0K
[0K
[0K
[0K
[0K
[0K
[0K
[0K
[0K
[0K
[0K
[0K
[0K[24A[22G[?25h[?25l$ git pull github mast[0K
[0K
[0K
[0K
[0K
[0K
[0K
[0K
[0K
[0K
[0K
[0K
[0K
[0K
[0K
[0K
[0K
[0K
[0K
[0K
[0K
[0K
[0K
[0K
[0K[24A[23G[?25h[?25l$ git pull github maste[0K
[0K
[0K
[0K
[0K
[0K
[0K
[0K
[0K
[0K
[0K
[0K
[0K
[0K
[0K
[0K
[0K
[0K
[0K
[0K
[0K
[0K
[0K
[0K
[0K[24A[24G[?25h[?25l$ git pull github master[0K
[0K
[0K
[0K
[0K
[0K
[0K
[0K
[0K
[0K
[0K
[0K
[0K
[0K
[0K
[0K
[0K
[0K
[0K
[0K
[0K
[0K
[0K
[0K
[0K[24A[25G[?25h[?25l
[?25hremote: Counting objects: 60, done.[0K[?25l
remote: Compressing objects: 100% (15/15), done.[0K
[0K
[0K
[0K
[0K
[0K
[0K
[0K
[0K
[0K
[0K
[0K
[0K
[0K
[0K
[0K
[0K
[0K
[0K
[0K
[0K
[0K
[0K[21A[?25h[?25lUnpacking objects:   1% (1/60)[0K
[0K
[0K
[0K
[0K
[0K
[0K
[0K
[0K
[0K
[0K
[0K
[0K
[0K
[0K
[0K
[0K
[0K
[0K
[0K
[0K
[0K[21A[?25h[?25lUnpacking objects:   8% (5/60)[0K
[0K
[0K
[0K
[0K
[0K
[0K
[0K
[0K
[0K
[0K
[0K
[0K
[0K
[0K
[0K
[0K
[0K
[0K
[0K
[0K
[0K[21A[?25h[?25lUnpacking objects:  11% (7/60)[0K
[0K
[0K
[0K
[0K
[0K
[0K
[0K
[0K
[0K
[0K
[0K
[0K
[0K
[0K
[0K
[0K
[0K
[0K
[0K
[0K
[0K[21A[?25h[?25lUnpacking objects:  15% (9/60)[0K
[0K
[0K
[0K
[0K
[0K
[0K
[0K
[0K
[0K
[0K
[0K
[0K
[0K
[0K
[0K
[0K
[0K
[0K
[0K
[0K
[0K[21A[?25h[?25lUnpacking objects:  16% (10/60)[0K
[0K
[0K
[0K
[0K
[0K
[0K
[0K
[0K
[0K
[0K
[0K
[0K
[0K
[0K
[0K
[0K
[0K
[0K
[0K
[0K
[0K[21A[?25h[?25lUnpacking objects:  20% (12/60)[0K
[0K
[0K
[0K
[0K
[0K
[0K
[0K
[0K
[0K
[0K
[0K
[0K
[0K
[0K
[0K
[0K
[0K
[0K
[0K
[0K
[0K[21A[?25h[?25lUnpacking objects:  25% (15/60)[0K
[0K
[0K
[0K
[0K
[0K
[0K
[0K
[0K
[0K
[0K
[0K
[0K
[0K
[0K
[0K
[0K
[0K
[0K
[0K
[0K
[0K[21A[?25h[?25lUnpacking objects:  26% (16/60)[0K
[0K
[0K
[0K
[0K
[0K
[0K
[0K
[0K
[0K
[0K
[0K
[0K
[0K
[0K
[0K
[0K
[0K
[0K
[0K
[0K
[0K[21A[?25h[?25lUnpacking objects:  28% (17/60)[0K
[0K
[0K
[0K
[0K
[0K
[0K
[0K
[0K
[0K
[0K
[0K
[0K
[0K
[0K
[0K
[0K
[0K
[0K
[0K
[0K
[0K[21A[?25h[?25lUnpacking objects:  30% (18/60)[0K
[0K
[0K
[0K
[0K
[0K
[0K
[0K
[0K
[0K
[0K
[0K
[0K
[0K
[0K
[0K
[0K
[0K
[0K
[0K
[0K
[0K[21A[?25h[?25lUnpacking objects:  31% (19/60)[0K
[0K
[0K
[0K
[0K
[0K
[0K
[0K
[0K
[0K
[0K
[0K
[0K
[0K
[0K
[0K
[0K
[0K
[0K
[0K
[0K
[0K[21A[?25h[?25lUnpacking objects:  33% (20/60)[0K
[0K
[0K
[0K
[0K
[0K
[0K
[0K
[0K
[0K
[0K
[0K
[0K
[0K
[0K
[0K
[0K
[0K
[0K
[0K
[0K
[0K[21A[?25h[?25lUnpacking objects:  35% (21/60)[0K
[0K
[0K
[0K
[0K
[0K
[0K
[0K
[0K
[0K
[0K
[0K
[0K
[0K
[0K
[0K
[0K
[0K
[0K
[0K
[0K
[0K[21A[?25h[?25lUnpacking objects:  36% (22/60)[0K
[0K
[0K
[0K
[0K
[0K
[0K
[0K
[0K
[0K
[0K
[0K
[0K
[0K
[0K
[0K
[0K
[0K
[0K
[0K
[0K
[0K[21A[?25h[?25lUnpacking objects:  38% (23/60)[0K
[0K
[0K
[0K
[0K
[0K
[0K
[0K
[0K
[0K
[0K
[0K
[0K
[0K
[0K
[0K
[0K
[0K
[0K
[0K
[0K
[0K[21A[?25h[?25lUnpacking objects:  40% (24/60)[0K
[0K
[0K
[0K
[0K
[0K
[0K
[0K
[0K
[0K
[0K
[0K
[0K
[0K
[0K
[0K
[0K
[0K
[0K
[0K
[0K
[0K[21A[?25h[?25lUnpacking objects:  43% (26/60)[0K
[0K
[0K
[0K
[0K
[0K
[0K
[0K
[0K
[0K
[0K
[0K
[0K
[0K
[0K
[0K
[0K
[0K
[0K
[0K
[0K
[0K[21A[?25h[?25lUnpacking objects:  48% (29/60)[0K
[0K
[0K
[0K
[0K
[0K
[0K
[0K
[0K
[0K
[0K
[0K
[0K
[0K
[0K
[0K
[0K
[0K
[0K
[0K
[0K
[0K[21A[?25h[?25lUnpacking objects:  51% (31/60)[0K
[0K
[0K
[0K
[0K
[0K
[0K
[0K
[0K
[0K
[0K
[0K
[0K
[0K
[0K
[0K
[0K
[0K
[0K
[0K
[0K
[0K[21A[?25h[?25lUnpacking objects:  53% (32/60)[0K
[0K
[0K
[0K
[0K
[0K
[0K
[0K
[0K
[0K
[0K
[0K
[0K
[0K
[0K
[0K
[0K
[0K
[0K
[0K
[0K
[0K[21A[?25h[?25lUnpacking objects:  58% (35/60)[0K
[0K
[0K
[0K
[0K
[0K
[0K
[0K
[0K
[0K
[0K
[0K
[0K
[0K
[0K
[0K
[0K
[0K
[0K
[0K
[0K
[0K[21A[?25h[?25lUnpacking objects:  60% (36/60)[0K
[0K
[0K
[0K
[0K
[0K
[0K
[0K
[0K
[0K
[0K
[0K
[0K
[0K
[0K
[0K
[0K
[0K
[0K
[0K
[0K
[0K[21A[?25h[?25lUnpacking objects:  61% (37/60)[0K
[0K
[0K
[0K
[0K
[0K
[0K
[0K
[0K
[0K
[0K
[0K
[0K
[0K
[0K
[0K
[0K
[0K
[0K
[0K
[0K
[0K[21A[?25h[?25lUnpacking objects:  65% (39/60)[0K
[0K
[0K
[0K
[0K
[0K
[0K
[0K
[0K
[0K
[0K
[0K
[0K
[0K
[0K
[0K
[0K
[0K
[0K
[0K
[0K
[0K[21A[?25h[?25lUnpacking objects:  71% (43/60)[0K
[0K
[0K
[0K
[0K
[0K
[0K
[0K
[0K
[0K
[0K
[0K
[0K
[0K
[0K
[0K
[0K
[0K
[0K
[0K
[0K
[0K[21A[?25h[?25lUnpacking objects:  73% (44/60)[0K
[0K
[0K
[0K
[0K
[0K
[0K
[0K
[0K
[0K
[0K
[0K
[0K
[0K
[0K
[0K
[0K
[0K
[0K
[0K
[0K
[0K[21A[?25h[?25lUnpacking objects:  78% (47/60)[0K
[0K
[0K
[0K
[0K
[0K
[0K
[0K
[0K
[0K
[0K
[0K
[0K
[0K
[0K
[0K
[0K
[0K
[0K
[0K
[0K
[0K[21A[?25h[?25lUnpacking objects:  80% (48/60)[0K
[0K
[0K
[0K
[0K
[0K
[0K
[0K
[0K
[0K
[0K
[0K
[0K
[0K
[0K
[0K
[0K
[0K
[0K
[0K
[0K
[0K[21A[?25hremote: Total 60 (delta 40), reused 60 (delta 40), pack-reused 0[0K[?25l
[0K
[0K
[0K
[0K
[0K
[0K
[0K
[0K
[0K
[0K
[0K
[0K
[0K
[0K
[0K
[0K
[0K
[0K
[0K
[0K
[0K[20A[?25h[?25lUnpacking objects:  88% (53/60)[0K
[0K
[0K
[0K
[0K
[0K
[0K
[0K
[0K
[0K
[0K
[0K
[0K
[0K
[0K
[0K
[0K
[0K
[0K
[0K
[0K[20A[?25h[?25lUnpacking objects:  93% (56/60)[0K
[0K
[0K
[0K
[0K
[0K
[0K
[0K
[0K
[0K
[0K
[0K
[0K
[0K
[0K
[0K
[0K
[0K
[0K
[0K
[0K[20A[?25hUnpacking objects: 100% (60/60), done.[0K[?25l
[0K
[0K
[0K
[0K
[0K
[0K
[0K
[0K
[0K
[0K
[0K
[0K
[0K
[0K
[0K
[0K
[0K
[0K
[0K
[0K[19A[?25hFrom https://github.com/JohnCoene/twinetbook[0K[?25l
 * branch            master     -> FETCH_HEAD[0K
   3e7b78d..df29361  master     -> github/master[0K
[0K
[0K
[0K
[0K
[0K
[0K
[0K
[0K
[0K
[0K
[0K
[0K
[0K
[0K
[0K
[0K
[0K[16A[?25hUpdating 3e7b78d..df29361[0K[?25l
Fast-forward[0K
[0K
[0K
[0K
[0K
[0K
[0K
[0K
[0K
[0K
[0K
[0K
[0K
[0K
[0K
[0K[14A[?25h .Rproj.user/shared/notebooks/paths                 |  24 [0;32m+[0;31m-[0m[0K[?25l
 04-graphs.Rmd                                      |   4 [0;32m+[0;31m-[0m[0K
 05-starting.Rmd                                    |   1 [0;32m+[0m[0K
 09-advanced.Rmd                                    |  30 [0;32m++[0m[0K
 10-dynamic.Rmd                                     |  12 [0;32m+[0;31m-[0m[0K
 13-Performances.Rmd                                |   6 [0;32m+[0;31m-[0m[0K
 15-Rmarkdown.Rmd => 14-Rmarkdown.Rmd               |   0[0K
 14-references.Rmd => 15-references.Rmd             |   0[0K
 _book/advanced.html                                | 174 [0;32m+++++[0;31m------[0m[0K
 _book/co-mentions.html                             | 110 [0;32m+++[0;31m----[0m[0K
 _book/dynamic.html                                 | 291 [0;32m+++++++++[0;31m---------[0m[0K
 _book/ego.html                                     | 311 [0;31m-------------------[0m[0K
 _book/ephemeral.html                               | 164 [0;32m+++++[0;31m-----[0m[0K
 _book/get-started.html                             | 234 [0;32m++++++++++[0;31m-----[0m[0K
 _book/graphs.html                                  | 320 [0;32m++++++++++++++++++++[0m[0K
 _book/hashtags.html                                | 154 [0;32m+++++[0;31m-----[0m[0K
 _book/index.html                                   |  84 [0;32m+++[0;31m---[0m[0K
 _book/intro.html                                   |  82 [0;32m++[0;31m---[0m[0K
 _book/performances.html                            | 102 [0;32m++++[0;31m---[0m[0K
 _book/pkgs.html                                    |  82 [0;32m++[0;31m---[0m[0K
 _book/prerequisites.html                           |  86 [0;32m+++[0;31m---[0m[0K
 _book/references.html                              |  85 [0;32m+++[0;31m---[0m[0K
 _book/retweets.html                                | 334 [0;32m+++++++++++++++++++++[0m[0K
 _book/rmd.html                                     | 100 [0;32m+++[0;31m---[0m[0K
 _book/search_index.json                            |  23 [0;32m+[0;31m-[0m[0K[60G[?25h[?25l
 _book/temporal.html                                | 126 [0;32m++++[0;31m----[0m[0K
 .../figure-html/unnamed-chunk-41-1.png             | Bin [0;31m18428[0m -> [0;32m18275[0m bytes[0K
 .../figure-html/unnamed-chunk-41-1.png             | Bin [0;31m18428[0m -> [0;32m18275[0m bytes[0K
 packages.bib                                       |   7 [0;31m-[0m[0K
 29 files changed, 1722 insertions(+), 1224 deletions(-)[0K
 rename 15-Rmarkdown.Rmd => 14-Rmarkdown.Rmd (100%)[0K
 rename 14-references.Rmd => 15-references.Rmd (100%)[0K
 delete mode 100644 _book/ego.html[0K
 create mode 100644 _book/graphs.html[0K
 create mode 100644 _book/retweets.html[0K
[0K[?25h[?25l
[0;32mJCOE@LT1414 [0;35m [0;33m~/Documents/Projects/twinetbook[0;36m (master)[0m[0K
$[0K[3G[?25h[?25l$ c[0K[?25h[?25ll[0K[4G[?25h[5G[?25l$ cle[0K[?25ha[0Kr[0K[?25l
[0K[?25h[?25l
[0K
[0K
[0K
[0K
[0K
[0K
[0K
[0K
[0K
[0K
[0K
[0K
[0K
[0K
[0K
[0K
[0K
[0K
[0K
[0K
[0K
[0K
[0K
[0K
[0K
[0K
[0K[26A[?25h[?25l
[0;32mJCOE@LT1414 [0;35m [0;33m~/Documents/Projects/twinetbook[0;36m (master)[0m[0K
$[0K
[0K
[0K
[0K
[0K
[0K
[0K
[0K
[0K
[0K
[0K
[0K
[0K
[0K
[0K
[0K
[0K
[0K
[0K
[0K
[0K
[0K
[0K
[0K
[0K[24A[3G[?25h[?25l$ c[0K
[0K
[0K
[0K
[0K
[0K
[0K
[0K
[0K
[0K
[0K
[0K
[0K
[0K
[0K
[0K
[0K
[0K
[0K
[0K
[0K
[0K
[0K
[0K
[0K[24A[4G[?25h[?25l$ cl[0K
[0K
[0K
[0K
[0K
[0K
[0K
[0K
[0K
[0K
[0K
[0K
[0K
[0K
[0K
[0K
[0K
[0K
[0K
[0K
[0K
[0K
[0K
[0K
[0K[24A[5G[?25h[?25l$ cle[0K
[0K
[0K
[0K
[0K
[0K
[0K
[0K
[0K
[0K
[0K
[0K
[0K
[0K
[0K
[0K
[0K
[0K
[0K
[0K
[0K
[0K
[0K
[0K
[0K[24A[6G[?25h[?25l$ clea[0K
[0K
[0K
[0K
[0K
[0K
[0K
[0K
[0K
[0K
[0K
[0K
[0K
[0K
[0K
[0K
[0K
[0K
[0K
[0K
[0K
[0K
[0K
[0K
[0K[24A[7G[?25h[?25l$ clear[0K
[0K
[0K
[0K
[0K
[0K
[0K
[0K
[0K
[0K
[0K
[0K
[0K
[0K
[0K
[0K
[0K
[0K
[0K
[0K
[0K
[0K
[0K
[0K
[0K[24A[8G[?25h[?25l
[?25h[?25l























[0K
[0K
[0K
[0K[26A[?25h[?25l
[0;32mJCOE@LT1414 [0;35m [0;33m~/Documents/Projects/twinetbook[0;36m (master)[0m[0K
$ g[0K
[0K
[0K
[0K
[0K
[0K
[0K
[0K
[0K
[0K
[0K
[0K
[0K
[0K
[0K
[0K
[0K
[0K
[0K
[0K
[0K
[0K
[0K
[0K
[0K[24A[4G[?25h[?25l$ gi[0K
[0K
[0K
[0K
[0K
[0K
[0K
[0K
[0K
[0K
[0K
[0K
[0K
[0K
[0K
[0K
[0K
[0K
[0K
[0K
[0K
[0K
[0K
[0K
[0K[24A[5G[?25h[?25l$ git[0K
[0K
[0K
[0K
[0K
[0K
[0K
[0K
[0K
[0K
[0K
[0K
[0K
[0K
[0K
[0K
[0K
[0K
[0K
[0K
[0K
[0K
[0K
[0K
[0K[24A[6G[?25h[7G[?25l$ git a[0K
[0K
[0K
[0K
[0K
[0K
[0K
[0K
[0K
[0K
[0K
[0K
[0K
[0K
[0K
[0K
[0K
[0K
[0K
[0K
[0K
[0K
[0K
[0K
[0K[24A[8G[?25h[?25l$ git ad[0K
[0K
[0K
[0K
[0K
[0K
[0K
[0K
[0K
[0K
[0K
[0K
[0K
[0K
[0K
[0K
[0K
[0K
[0K
[0K
[0K
[0K
[0K
[0K
[0K[24A[9G[?25h[?25l$ git add[0K
[0K
[0K
[0K
[0K
[0K
[0K
[0K
[0K
[0K
[0K
[0K
[0K
[0K
[0K
[0K
[0K
[0K
[0K
[0K
[0K
[0K
[0K
[0K
[0K[24A[10G[?25h[11G[?25l$ git add -[0K
[0K
[0K
[0K
[0K
[0K
[0K
[0K
[0K
[0K
[0K
[0K
[0K
[0K
[0K
[0K
[0K
[0K
[0K
[0K
[0K
[0K
[0K
[0K
[0K[24A[12G[?25h[?25l$ git add -A[0K
[0K
[0K
[0K
[0K
[0K
[0K
[0K
[0K
[0K
[0K
[0K
[0K
[0K
[0K
[0K
[0K
[0K
[0K
[0K
[0K
[0K
[0K
[0K
[0K[24A[13G[?25h[?25l
[?25hwarning: LF will be replaced by CRLF in .Rproj.user/shared/notebooks/paths.[0K[?25l
The file will have its original line endings in your working directory.[0K
[0K
[0K
[0K
[0K
[0K
[0K
[0K
[0K
[0K
[0K
[0K
[0K
[0K
[0K
[0K
[0K
[0K
[0K
[0K
[0K
[0K
[0K[21A[?25h[?25l
[0;32mJCOE@LT1414 [0;35m [0;33m~/Documents/Projects/twinetbook[0;36m (master)[0m[0K
$ git co[0K
[0K
[0K
[0K
[0K
[0K
[0K
[0K
[0K
[0K
[0K
[0K
[0K
[0K
[0K
[0K
[0K
[0K
[0K
[0K[19A[9G[?25h[?25l$ git com[0K
[0K
[0K
[0K
[0K
[0K
[0K
[0K
[0K
[0K
[0K
[0K
[0K
[0K
[0K
[0K
[0K
[0K
[0K
[0K[19A[10G[?25h[?25l$ git comm[0K
[0K
[0K
[0K
[0K
[0K
[0K
[0K
[0K
[0K
[0K
[0K
[0K
[0K
[0K
[0K
[0K
[0K
[0K
[0K[19A[11G[?25h[?25l$ git commi[0K
[0K
[0K
[0K
[0K
[0K
[0K
[0K
[0K
[0K
[0K
[0K
[0K
[0K
[0K
[0K
[0K
[0K
[0K
[0K[19A[12G[?25h[?25l$ git commit[0K
[0K
[0K
[0K
[0K
[0K
[0K
[0K
[0K
[0K
[0K
[0K
[0K
[0K
[0K
[0K
[0K
[0K
[0K
[0K[19A[13G[?25h[14G[?25l$ git commit -[0K
[0K
[0K
[0K
[0K
[0K
[0K
[0K
[0K
[0K
[0K
[0K
[0K
[0K
[0K
[0K
[0K
[0K
[0K
[0K[19A[15G[?25h[?25l$ git commit -m[0K
[0K
[0K
[0K
[0K
[0K
[0K
[0K
[0K
[0K
[0K
[0K
[0K
[0K
[0K
[0K
[0K
[0K
[0K
[0K[19A[16G[?25h[17G[?25l$ git commit -m "[0K
[0K
[0K
[0K
[0K
[0K
[0K
[0K
[0K
[0K
[0K
[0K
[0K
[0K
[0K
[0K
[0K
[0K
[0K
[0K[19A[18G[?25h[?25l$ git commit -m ""[0K
[0K
[0K
[0K
[0K
[0K
[0K
[0K
[0K
[0K
[0K
[0K
[0K
[0K
[0K
[0K
[0K
[0K
[0K
[0K[19A[19G[?25h[18G[?25l$ git commit -m "u"[0K
[0K
[0K
[0K
[0K
[0K
[0K
[0K
[0K
[0K
[0K
[0K
[0K
[0K
[0K
[0K
[0K
[0K
[0K
[0K[19A[19G[?25h[?25l$ git commit -m "up"[0K
[0K
[0K
[0K
[0K
[0K
[0K
[0K
[0K
[0K
[0K
[0K
[0K
[0K
[0K
[0K
[0K
[0K
[0K
[0K[19A[20G[?25h[?25l$ git commit -m "upd"[0K
[0K
[0K
[0K
[0K
[0K
[0K
[0K
[0K
[0K
[0K
[0K
[0K
[0K
[0K
[0K
[0K
[0K
[0K
[0K[19A[21G[?25h[?25l$ git commit -m "upda"[0K
[0K
[0K
[0K
[0K
[0K
[0K
[0K
[0K
[0K
[0K
[0K
[0K
[0K
[0K
[0K
[0K
[0K
[0K
[0K[19A[22G[?25h[?25l$ git commit -m "updat"[0K
[0K
[0K
[0K
[0K
[0K
[0K
[0K
[0K
[0K
[0K
[0K
[0K
[0K
[0K
[0K
[0K
[0K
[0K
[0K[19A[23G[?25h[?25l$ git commit -m "update"[0K
[0K
[0K
[0K
[0K
[0K
[0K
[0K
[0K
[0K
[0K
[0K
[0K
[0K
[0K
[0K
[0K
[0K
[0K
[0K[19A[24G[?25h[?25l$ git commit -m "updates"[0K
[0K
[0K
[0K
[0K
[0K
[0K
[0K
[0K
[0K
[0K
[0K
[0K
[0K
[0K
[0K
[0K
[0K
[0K
[0K[19A[24G[?25h[25G[?25l
[?25hfatal: Unable to create 'C:/Users/JCOE/Documents/Projects/twinetbook/.git/index.lock': File exists.[0K[?25l
[0K
Another git process seems to be running in this repository, e.g.[0K
an editor opened by 'git commit'. Please make sure all processes[0K
are terminated then try again. If it still fails, a git process[0K
may have crashed in this repository earlier:[0K
remove the file manually to continue.[0K
[0K
[0K
[0K
[0K
[0K
[0K
[0K
[0K
[0K
[0K
[0K
[0K[11A[?25h[?25l
[0;32mJCOE@LT1414 [0;35m [0;33m~/Documents/Projects/twinetbook[0;36m (master)[0m[0K
$ g[0K
[0K
[0K
[0K
[0K
[0K
[0K
[0K
[0K
[0K[9A[4G[?25h[?25l$ gi[0K
[0K
[0K
[0K
[0K
[0K
[0K
[0K
[0K
[0K[9A[5G[?25h[?25l$ git[0K
[0K
[0K
[0K
[0K
[0K
[0K
[0K
[0K
[0K[9A[6G[?25h[7G[?25l$ git p[0K
[0K
[0K
[0K
[0K
[0K
[0K
[0K
[0K
[0K[9A[8G[?25h[?25l$ git pu[0K
[0K
[0K
[0K
[0K
[0K
[0K
[0K
[0K
[0K[9A[9G[?25h[?25l$ git pus[0K
[0K
[0K
[0K
[0K
[0K
[0K
[0K
[0K
[0K[9A[10G[?25h[?25l$ git push[0K
[0K
[0K
[0K
[0K
[0K
[0K
[0K
[0K
[0K[9A[11G[?25h[?25l
[?25hCounting objects: 60, done.[0K[?25l
[0K
[0K
[0K
[0K
[0K
[0K
[0K
[0K[7A[?25hDelta compression using up to 4 threads.[0K[?25l
Compressing objects:  16% (9/55)[0K
[0K
[0K
[0K
[0K
[0K
[0K[6A[?25h[?25lCompressing objects:  54% (30/55)[0K
[0K
[0K
[0K
[0K
[0K
[0K[6A[?25h[?25lCompressing objects:  58% (32/55)[0K
[0K
[0K
[0K
[0K
[0K
[0K[6A[?25h[?25lCompressing objects:  65% (36/55)[0K
[0K
[0K
[0K
[0K
[0K
[0K[6A[?25h[?25lCompressing objects:  74% (41/55)[0K
[0K
[0K
[0K
[0K
[0K
[0K[6A[?25h[?25lCompressing objects:  78% (43/55)[0K
[0K
[0K
[0K
[0K
[0K
[0K[6A[?25h[?25lCompressing objects:  80% (44/55)[0K
[0K
[0K
[0K
[0K
[0K
[0K[6A[?25h[?25lCompressing objects:  83% (46/55)[0K
[0K
[0K
[0K
[0K
[0K
[0K[6A[?25h[?25lCompressing objects:  85% (47/55)[0K
[0K
[0K
[0K
[0K
[0K
[0K[6A[?25h[?25lCompressing objects:  87% (48/55)[0K
[0K
[0K
[0K
[0K
[0K
[0K[6A[?25h[?25lCompressing objects:  89% (49/55)[0K
[0K
[0K
[0K
[0K
[0K
[0K[6A[?25h[?25lCompressing objects:  90% (50/55)[0K
[0K
[0K
[0K
[0K
[0K
[0K[6A[?25h[?25lCompressing objects:  92% (51/55)[0K
[0K
[0K
[0K
[0K
[0K
[0K[6A[?25h[?25lCompressing objects:  94% (52/55)[0K
[0K
[0K
[0K
[0K
[0K
[0K[6A[?25h[?25lCompressing objects:  98% (54/55)[0K
[0K
[0K
[0K
[0K
[0K
[0K[6A[?25h[?25lCompressing objects: 100% (55/55)[0K
[0K
[0K
[0K
[0K
[0K
[0K[6A[?25hCompressing objects: 100% (55/55), done.[0K[?25l
Writing objects:  21% (13/60)[0K
[0K
[0K
[0K
[0K
[0K[5A[?25h[?25lWriting objects:  25% (15/60)[0K
[0K
[0K
[0K
[0K
[0K[5A[?25h[?25lWriting objects:  28% (17/60)[0K
[0K
[0K
[0K
[0K
[0K[5A[?25h[?25lWriting objects:  30% (18/60)[0K
[0K
[0K
[0K
[0K
[0K[5A[?25h[?25lWriting objects:  30% (18/60), 984.00 KiB | 160.00 KiB/s[0K
[0K
[0K
[0K
[0K
[0K[5A[?25h[?25lWriting objects:  35% (21/60), 984.00 KiB | 160.00 KiB/s[0K
[0K
[0K
[0K
[0K
[0K[5A[?25h[?25lWriting objects:  43% (26/60), 984.00 KiB | 160.00 KiB/s[0K
[0K
[0K
[0K
[0K
[0K[5A[?25h[?25lWriting objects:  51% (31/60), 984.00 KiB | 160.00 KiB/s[0K
[0K
[0K
[0K
[0K
[0K[5A[?25h[?25lWriting objects:  56% (34/60), 1.76 MiB | 271.00 KiB/s[0K
[0K
[0K
[0K
[0K
[0K[5A[?25h[?25lWriting objects:  85% (51/60), 1.76 MiB | 271.00 KiB/s[0K
[0K
[0K
[0K
[0K
[0K[5A[?25h[?25lWriting objects:  90% (54/60), 1.76 MiB | 271.00 KiB/s[0K
[0K
[0K
[0K
[0K
[0K[5A[?25h[?25lWriting objects:  98% (59/60), 2.73 MiB | 392.00 KiB/s[0K
[0K
[0K
[0K
[0K
[0K[5A[?25hWriting objects: 100% (60/60), 2.90 MiB | 413.00 KiB/s, done.[0K[?25l
Total 60 (delta 40), reused 0 (delta 0)[0K
[0K
[0K
[0K
[0K[3A[?25h[?25l
[0;32mJCOE@LT1414 [0;35m [0;33m~/Documents/Projects/twinetbook[0;36m (master)[0m[0K
$[0K
[0K[?25h[?25l
[0;32mJCOE@LT1414 [0;35m [0;33m~/Documents/Projects/twinetbook[0;36m (master)[0m[0K
$[0K
[0K[?25h[?25l
[0;32mJCOE@LT1414 [0;35m [0;33m~/Documents/Projects/twinetbook[0;36m (master)[0m[0K
$[0K[3G[?25h[?25l$ git push[0K[?25h[?25l
[0K[?25hEverything up-to-date[0K[?25l
[0K[?25h[?25l
[0;32mJCOE@LT1414 [0;35m [0;33m~/Documents/Projects/twinetbook[0;36m (master)[0m[0K
$[0K[3G[?25h[?25l$ g[0K[3G[?25h[4G[?25l$ gi[0K[?25ht[0K[7G[?25l$ git p[0K[?25hu[0Ks[0Kh[0K[12G[?25l$ git push g[0K[?25hi[0Kt[0Kh[0Ku[0Kb[0K[19G[?25l$ git push github m[0K[?25h[?25la[0K[20G[?25h[21G[?25l$ git push github mas[0K[?25ht[0K[?25le[0K[23G[?25h[24G[?25l$ git push github master[0K[24G[?25h[25G[?25l
[0K[?25hEverything up-to-date[0K[?25l
[0K[?25h[?25l
[0;32mJCOE@LT1414 [0;35m [0;33m~/Documents/Projects/twinetbook[0;36m (master)[0m[0K
$[0K[3G[?25h[?25l$ g[0K[?25hi[0Kt[0K[7G[?25l$ git p[0K[?25h[?25lu[0K[8G[?25h[9G[?25l$ git pus[0K[?25hh[0K[12G[?25l$ git push b[0K[?25h[?25l$ git push[0K[12G[?25h[?25l$ git push o[0K[?25hr[0Ki[0Kg[0Ki[0Kn[0K[19G[?25l$ git push origin m[0K[?25ha[0Ks[0Kt[0Ke[0Kr[0K[?25l
[0K[?25hEverything up-to-date[0K[?25l
[0K[?25h[?25l
[0;32mJCOE@LT1414 [0;35m [0;33m~/Documents/Projects/twinetbook[0;36m (master)[0m[0K
$[0K[3G[?25h[?25l$ g[0K[?25hi[0Kt[0K[7G[?25l$ git r[0K[?25he[0Km[0Ko[0Kt[0Ke[0K[14G[?25l$ git remote -[0K[?25h[?25lv[0K[15G[?25h[16G[?25l
[0K[?25hgithub  https://github.com/JohnCoene/twinetbook.git (fetch)[0K[?25l
github  https://github.com/JohnCoene/twinetbook.git (push)[0K
origin  https://JohnCoene@bitbucket.org/JohnCoene/twinetbook.git (fetch)[0K
origin  https://JohnCoene@bitbucket.org/JohnCoene/twinetbook.git (push)[0K
[0K[?25h[?25l
[0;32mJCOE@LT1414 [0;35m [0;33m~/Documents/Projects/twinetbook[0;36m (master)[0m[0K
$[0K[3G[?25h[?25l$ g[0K[?25hi[0Kt[0K[7G[?25l$ git p[0K[7G[?25h[8G[?25l$ git pu[0K[?25hs[0Kh[0K[12G[?25l$ git push g[0K[?25h[?25li[0K[13G[?25h[14G[?25l$ git push git[0K[?25hh[0Ku[0Kb[0K[19G[?25l$ git push github m[0K[?25ha[0Ks[0Kt[0Ke[0Kr[0K[?25l
[0K[?25hEverything up-to-date[0K[?25l
[0K[?25h[?25l
[0;32mJCOE@LT1414 [0;35m [0;33m~/Documents/Projects/twinetbook[0;36m (master)[0m[0K
$[0K[3G[?25h[?25l$ g[0K[?25hi[0Kt[0K[7G[?25l$ git s[0K[?25ht[0Ka[0Kt[0Ku[0Ks[0K[?25l
[0K[?25hOn branch master[0K[?25l
Your branch is up-to-date with 'origin/master'.[0K
[0K
Changes to be committed:[0K
  (use "git reset HEAD <file>..." to unstage)[0K
[0K
        [0;32mmodified:   .Rproj.user/B7385CEA/console06/455836BE[0m[0K
        [0;32mmodified:   .Rproj.user/B7385CEA/console06/INDEX001[0m[0K
        [0;32mmodified:   .Rproj.user/shared/notebooks/paths[0m[0K
        [0;32mmodified:   04-graphs.Rmd[0m[0K
        [0;32mmodified:   09-advanced.Rmd[0m[0K
        [0;32mmodified:   _book/advanced.html[0m[0K
        [0;32mmodified:   _book/co-mentions.html[0m[0K
        [0;32mmodified:   _book/dynamic.html[0m[0K
        [0;32mmodified:   _book/ephemeral.html[0m[0K
        [0;32mmodified:   _book/get-started.html[0m[0K
        [0;32mmodified:   _book/graphs.html[0m[0K
        [0;32mmodified:   _book/hashtags.html[0m[0K
        [0;32mmodified:   _book/index.html[0m[0K
        [0;32mmodified:   _book/intro.html[0m[0K
        [0;32mmodified:   _book/performances.html[0m[0K
        [0;32mmodified:   _book/pkgs.html[0m[0K
        [0;32mmodified:   _book/prerequisites.html[0m[0K
        [0;32mmodified:   _book/references.html[0m[0K
        [0;32mmodified:   _book/retweets.html[0m[0K
        [0;32mmodified:   _book/rmd.html[0m[0K
        [0;32mmodified:   _book/search_index.json[0m[0K
        [0;32mmodified:   _book/temporal.html[0m[0K
        [0;32mdeleted:    _book/twinetbook_files/figure-html/unnamed-chunk-41-1.png[0m[0K
        [0;32mnew file:   _book/twinetbook_files/figure-html/unnamed-chunk-42-1.png[0m[0K
        [0;32mmodified:   _bookdown_files/twinetbook_files/figure-html/unnamed-chunk-42-1.png[0m[0K
        [0;32mmodified:   packages.bib[0m[0K
[0K
Changes not staged for commit:[0K
  (use "git add <file>..." to update what will be committed)[0K
  (use "git checkout -- <file>..." to discard changes in working directory)[0K
[0K
        [0;31mmodified:   .Rproj.user/B7385CEA/console06/455836BE[0m[0K
[0K
[0K[?25h[?25l
[0;32mJCOE@LT1414 [0;35m [0;33m~/Documents/Projects/twinetbook[0;36m (master)[0m[0K
$[0K[3G[?25h[?25l$ g[0K[?25hi[0Kt[0K[7G[?25l$ git c[0K[?25h[?25l$ git[0K[7G[?25h[6G[7G[?25l$ git a[0K[?25hd[0Kd[0K[11G[?25l$ git add -[0K[11G[?25h[12G[?25l$ git add -A[0K[?25h[?25l
[0K[?25h